[2025-09-12T09:48:55.275+0000][gc] Using G1
[2025-09-12T09:48:55.284+0000][gc,init] Version: 17.0.16+8-Ubuntu-0ubuntu124.04.1 (release)
[2025-09-12T09:48:55.284+0000][gc,init] CPUs: 2 total, 2 available
[2025-09-12T09:48:55.284+0000][gc,init] Memory: 3867M
[2025-09-12T09:48:55.284+0000][gc,init] Large Page Support: Disabled
[2025-09-12T09:48:55.284+0000][gc,init] NUMA Support: Disabled
[2025-09-12T09:48:55.284+0000][gc,init] Compressed Oops: Enabled (32-bit)
[2025-09-12T09:48:55.284+0000][gc,init] Heap Region Size: 1M
[2025-09-12T09:48:55.284+0000][gc,init] Heap Min Capacity: 1G
[2025-09-12T09:48:55.284+0000][gc,init] Heap Initial Capacity: 1G
[2025-09-12T09:48:55.284+0000][gc,init] Heap Max Capacity: 1G
[2025-09-12T09:48:55.284+0000][gc,init] Pre-touch: Disabled
[2025-09-12T09:48:55.284+0000][gc,init] Parallel Workers: 2
[2025-09-12T09:48:55.284+0000][gc,init] Concurrent Workers: 1
[2025-09-12T09:48:55.284+0000][gc,init] Concurrent Refinement Workers: 2
[2025-09-12T09:48:55.284+0000][gc,init] Periodic GC: Disabled
[2025-09-12T09:48:55.293+0000][gc,metaspace] CDS archive(s) mapped at: [0x00007b209f000000-0x00007b209fbca000-0x00007b209fbca000), size 12361728, SharedBaseAddress: 0x00007b209f000000, ArchiveRelocationMode: 1.
[2025-09-12T09:48:55.293+0000][gc,metaspace] Compressed class space mapped at: 0x00007b20a0000000-0x00007b20e0000000, reserved size: 1073741824
[2025-09-12T09:48:55.293+0000][gc,metaspace] Narrow klass base: 0x00007b209f000000, Narrow klass shift: 0, Narrow klass range: 0x100000000
[2025-09-12T09:48:56.541+0000][gc,start    ] GC(0) Pause Young (Normal) (G1 Evacuation Pause)
[2025-09-12T09:48:56.541+0000][gc,task     ] GC(0) Using 2 workers of 2 for evacuation
[2025-09-12T09:48:56.550+0000][gc,phases   ] GC(0)   Pre Evacuate Collection Set: 0.2ms
[2025-09-12T09:48:56.550+0000][gc,phases   ] GC(0)   Merge Heap Roots: 0.1ms
[2025-09-12T09:48:56.550+0000][gc,phases   ] GC(0)   Evacuate Collection Set: 8.1ms
[2025-09-12T09:48:56.550+0000][gc,phases   ] GC(0)   Post Evacuate Collection Set: 0.5ms
[2025-09-12T09:48:56.550+0000][gc,phases   ] GC(0)   Other: 0.4ms
[2025-09-12T09:48:56.550+0000][gc,heap     ] GC(0) Eden regions: 51->0(44)
[2025-09-12T09:48:56.550+0000][gc,heap     ] GC(0) Survivor regions: 0->7(7)
[2025-09-12T09:48:56.550+0000][gc,heap     ] GC(0) Old regions: 0->1
[2025-09-12T09:48:56.550+0000][gc,heap     ] GC(0) Archive regions: 2->2
[2025-09-12T09:48:56.550+0000][gc,heap     ] GC(0) Humongous regions: 0->0
[2025-09-12T09:48:56.550+0000][gc,metaspace] GC(0) Metaspace: 18359K(18624K)->18359K(18624K) NonClass: 16181K(16320K)->16181K(16320K) Class: 2177K(2304K)->2177K(2304K)
[2025-09-12T09:48:56.550+0000][gc          ] GC(0) Pause Young (Normal) (G1 Evacuation Pause) 51M->8M(1024M) 9.325ms
[2025-09-12T09:48:56.550+0000][gc,cpu      ] GC(0) User=0.01s Sys=0.00s Real=0.01s
[2025-09-12T09:48:56.831+0000][gc,start    ] GC(1) Pause Young (Concurrent Start) (Metadata GC Threshold)
[2025-09-12T09:48:56.831+0000][gc,task     ] GC(1) Using 2 workers of 2 for evacuation
[2025-09-12T09:48:56.839+0000][gc,phases   ] GC(1)   Pre Evacuate Collection Set: 0.2ms
[2025-09-12T09:48:56.839+0000][gc,phases   ] GC(1)   Merge Heap Roots: 0.0ms
[2025-09-12T09:48:56.839+0000][gc,phases   ] GC(1)   Evacuate Collection Set: 7.3ms
[2025-09-12T09:48:56.839+0000][gc,phases   ] GC(1)   Post Evacuate Collection Set: 0.5ms
[2025-09-12T09:48:56.839+0000][gc,phases   ] GC(1)   Other: 0.2ms
[2025-09-12T09:48:56.839+0000][gc,heap     ] GC(1) Eden regions: 11->0(50)
[2025-09-12T09:48:56.839+0000][gc,heap     ] GC(1) Survivor regions: 7->1(7)
[2025-09-12T09:48:56.839+0000][gc,heap     ] GC(1) Old regions: 1->7
[2025-09-12T09:48:56.839+0000][gc,heap     ] GC(1) Archive regions: 2->2
[2025-09-12T09:48:56.839+0000][gc,heap     ] GC(1) Humongous regions: 0->0
[2025-09-12T09:48:56.839+0000][gc,metaspace] GC(1) Metaspace: 21281K(21504K)->21281K(21504K) NonClass: 18713K(18816K)->18713K(18816K) Class: 2568K(2688K)->2568K(2688K)
[2025-09-12T09:48:56.839+0000][gc          ] GC(1) Pause Young (Concurrent Start) (Metadata GC Threshold) 19M->8M(1024M) 8.332ms
[2025-09-12T09:48:56.839+0000][gc,cpu      ] GC(1) User=0.01s Sys=0.01s Real=0.01s
[2025-09-12T09:48:56.839+0000][gc          ] GC(2) Concurrent Mark Cycle
[2025-09-12T09:48:56.839+0000][gc,marking  ] GC(2) Concurrent Clear Claimed Marks
[2025-09-12T09:48:56.839+0000][gc,marking  ] GC(2) Concurrent Clear Claimed Marks 0.019ms
[2025-09-12T09:48:56.839+0000][gc,marking  ] GC(2) Concurrent Scan Root Regions
[2025-09-12T09:48:56.843+0000][gc,marking  ] GC(2) Concurrent Scan Root Regions 3.478ms
[2025-09-12T09:48:56.843+0000][gc,marking  ] GC(2) Concurrent Mark
[2025-09-12T09:48:56.843+0000][gc,marking  ] GC(2) Concurrent Mark From Roots
[2025-09-12T09:48:56.843+0000][gc,task     ] GC(2) Using 1 workers of 1 for marking
[2025-09-12T09:48:56.845+0000][gc,marking  ] GC(2) Concurrent Mark From Roots 2.468ms
[2025-09-12T09:48:56.845+0000][gc,marking  ] GC(2) Concurrent Preclean
[2025-09-12T09:48:56.845+0000][gc,marking  ] GC(2) Concurrent Preclean 0.025ms
[2025-09-12T09:48:56.845+0000][gc,start    ] GC(2) Pause Remark
[2025-09-12T09:48:56.848+0000][gc          ] GC(2) Pause Remark 8M->8M(1024M) 2.764ms
[2025-09-12T09:48:56.848+0000][gc,cpu      ] GC(2) User=0.00s Sys=0.00s Real=0.00s
[2025-09-12T09:48:56.848+0000][gc,marking  ] GC(2) Concurrent Mark 5.469ms
[2025-09-12T09:48:56.848+0000][gc,marking  ] GC(2) Concurrent Rebuild Remembered Sets
[2025-09-12T09:48:56.848+0000][gc,marking  ] GC(2) Concurrent Rebuild Remembered Sets 0.003ms
[2025-09-12T09:48:56.848+0000][gc,start    ] GC(2) Pause Cleanup
[2025-09-12T09:48:56.848+0000][gc          ] GC(2) Pause Cleanup 8M->8M(1024M) 0.006ms
[2025-09-12T09:48:56.848+0000][gc,cpu      ] GC(2) User=0.00s Sys=0.00s Real=0.00s
[2025-09-12T09:48:56.848+0000][gc,marking  ] GC(2) Concurrent Cleanup for Next Mark
[2025-09-12T09:48:56.853+0000][gc,marking  ] GC(2) Concurrent Cleanup for Next Mark 4.742ms
[2025-09-12T09:48:56.853+0000][gc          ] GC(2) Concurrent Mark Cycle 13.945ms
[2025-09-12T09:48:59.323+0000][gc,start    ] GC(3) Pause Young (Normal) (G1 Evacuation Pause)
[2025-09-12T09:48:59.324+0000][gc,task     ] GC(3) Using 2 workers of 2 for evacuation
[2025-09-12T09:48:59.336+0000][gc,phases   ] GC(3)   Pre Evacuate Collection Set: 0.3ms
[2025-09-12T09:48:59.336+0000][gc,phases   ] GC(3)   Merge Heap Roots: 0.1ms
[2025-09-12T09:48:59.336+0000][gc,phases   ] GC(3)   Evacuate Collection Set: 11.6ms
[2025-09-12T09:48:59.336+0000][gc,phases   ] GC(3)   Post Evacuate Collection Set: 0.7ms
[2025-09-12T09:48:59.336+0000][gc,phases   ] GC(3)   Other: 0.1ms
[2025-09-12T09:48:59.336+0000][gc,heap     ] GC(3) Eden regions: 50->0(45)
[2025-09-12T09:48:59.336+0000][gc,heap     ] GC(3) Survivor regions: 1->6(7)
[2025-09-12T09:48:59.336+0000][gc,heap     ] GC(3) Old regions: 7->7
[2025-09-12T09:48:59.336+0000][gc,heap     ] GC(3) Archive regions: 2->2
[2025-09-12T09:48:59.336+0000][gc,heap     ] GC(3) Humongous regions: 129->129
[2025-09-12T09:48:59.336+0000][gc,metaspace] GC(3) Metaspace: 30702K(30976K)->30702K(30976K) NonClass: 27233K(27392K)->27233K(27392K) Class: 3469K(3584K)->3469K(3584K)
[2025-09-12T09:48:59.336+0000][gc          ] GC(3) Pause Young (Normal) (G1 Evacuation Pause) 187M->142M(1024M) 12.959ms
[2025-09-12T09:48:59.336+0000][gc,cpu      ] GC(3) User=0.02s Sys=0.00s Real=0.01s
[2025-09-12T09:48:59.802+0000][gc,start    ] GC(4) Pause Young (Concurrent Start) (Metadata GC Threshold)
[2025-09-12T09:48:59.802+0000][gc,task     ] GC(4) Using 2 workers of 2 for evacuation
[2025-09-12T09:48:59.813+0000][gc,phases   ] GC(4)   Pre Evacuate Collection Set: 0.4ms
[2025-09-12T09:48:59.813+0000][gc,phases   ] GC(4)   Merge Heap Roots: 0.1ms
[2025-09-12T09:48:59.813+0000][gc,phases   ] GC(4)   Evacuate Collection Set: 9.9ms
[2025-09-12T09:48:59.813+0000][gc,phases   ] GC(4)   Post Evacuate Collection Set: 0.5ms
[2025-09-12T09:48:59.813+0000][gc,phases   ] GC(4)   Other: 0.2ms
[2025-09-12T09:48:59.813+0000][gc,heap     ] GC(4) Eden regions: 23->0(49)
[2025-09-12T09:48:59.813+0000][gc,heap     ] GC(4) Survivor regions: 6->2(7)
[2025-09-12T09:48:59.813+0000][gc,heap     ] GC(4) Old regions: 7->13
[2025-09-12T09:48:59.813+0000][gc,heap     ] GC(4) Archive regions: 2->2
[2025-09-12T09:48:59.813+0000][gc,heap     ] GC(4) Humongous regions: 129->129
[2025-09-12T09:48:59.813+0000][gc,metaspace] GC(4) Metaspace: 35666K(35968K)->35666K(35968K) NonClass: 31605K(31744K)->31605K(31744K) Class: 4061K(4224K)->4061K(4224K)
[2025-09-12T09:48:59.813+0000][gc          ] GC(4) Pause Young (Concurrent Start) (Metadata GC Threshold) 164M->144M(1024M) 11.142ms
[2025-09-12T09:48:59.813+0000][gc,cpu      ] GC(4) User=0.02s Sys=0.00s Real=0.01s
[2025-09-12T09:48:59.813+0000][gc          ] GC(5) Concurrent Mark Cycle
[2025-09-12T09:48:59.813+0000][gc,marking  ] GC(5) Concurrent Clear Claimed Marks
[2025-09-12T09:48:59.813+0000][gc,marking  ] GC(5) Concurrent Clear Claimed Marks 0.025ms
[2025-09-12T09:48:59.813+0000][gc,marking  ] GC(5) Concurrent Scan Root Regions
[2025-09-12T09:48:59.824+0000][gc,marking  ] GC(5) Concurrent Scan Root Regions 10.406ms
[2025-09-12T09:48:59.824+0000][gc,marking  ] GC(5) Concurrent Mark
[2025-09-12T09:48:59.824+0000][gc,marking  ] GC(5) Concurrent Mark From Roots
[2025-09-12T09:48:59.824+0000][gc,task     ] GC(5) Using 1 workers of 1 for marking
[2025-09-12T09:48:59.844+0000][gc,marking  ] GC(5) Concurrent Mark From Roots 19.939ms
[2025-09-12T09:48:59.844+0000][gc,marking  ] GC(5) Concurrent Preclean
[2025-09-12T09:48:59.844+0000][gc,marking  ] GC(5) Concurrent Preclean 0.110ms
[2025-09-12T09:48:59.851+0000][gc,start    ] GC(5) Pause Remark
[2025-09-12T09:48:59.855+0000][gc          ] GC(5) Pause Remark 145M->145M(1024M) 4.937ms
[2025-09-12T09:48:59.856+0000][gc,cpu      ] GC(5) User=0.02s Sys=0.00s Real=0.01s
[2025-09-12T09:48:59.858+0000][gc,marking  ] GC(5) Concurrent Mark 34.172ms
[2025-09-12T09:48:59.858+0000][gc,marking  ] GC(5) Concurrent Rebuild Remembered Sets
[2025-09-12T09:48:59.880+0000][gc,marking  ] GC(5) Concurrent Rebuild Remembered Sets 21.980ms
[2025-09-12T09:48:59.880+0000][gc,start    ] GC(5) Pause Cleanup
[2025-09-12T09:48:59.881+0000][gc          ] GC(5) Pause Cleanup 146M->146M(1024M) 0.492ms
[2025-09-12T09:48:59.881+0000][gc,cpu      ] GC(5) User=0.01s Sys=0.00s Real=0.00s
[2025-09-12T09:48:59.883+0000][gc,marking  ] GC(5) Concurrent Cleanup for Next Mark
[2025-09-12T09:48:59.901+0000][gc,marking  ] GC(5) Concurrent Cleanup for Next Mark 18.026ms
[2025-09-12T09:48:59.901+0000][gc          ] GC(5) Concurrent Mark Cycle 87.448ms
[2025-09-12T09:55:47.468+0000][gc,start    ] GC(6) Pause Young (Normal) (G1 Evacuation Pause)
[2025-09-12T09:55:47.469+0000][gc,task     ] GC(6) Using 2 workers of 2 for evacuation
[2025-09-12T09:55:47.479+0000][gc,phases   ] GC(6)   Pre Evacuate Collection Set: 0.3ms
[2025-09-12T09:55:47.479+0000][gc,phases   ] GC(6)   Merge Heap Roots: 0.1ms
[2025-09-12T09:55:47.479+0000][gc,phases   ] GC(6)   Evacuate Collection Set: 9.3ms
[2025-09-12T09:55:47.479+0000][gc,phases   ] GC(6)   Post Evacuate Collection Set: 1.0ms
[2025-09-12T09:55:47.479+0000][gc,phases   ] GC(6)   Other: 0.1ms
[2025-09-12T09:55:47.479+0000][gc,heap     ] GC(6) Eden regions: 49->0(46)
[2025-09-12T09:55:47.479+0000][gc,heap     ] GC(6) Survivor regions: 2->5(7)
[2025-09-12T09:55:47.479+0000][gc,heap     ] GC(6) Old regions: 13->13
[2025-09-12T09:55:47.479+0000][gc,heap     ] GC(6) Archive regions: 2->2
[2025-09-12T09:55:47.479+0000][gc,heap     ] GC(6) Humongous regions: 147->129
[2025-09-12T09:55:47.479+0000][gc,metaspace] GC(6) Metaspace: 40943K(41536K)->40943K(41536K) NonClass: 36059K(36416K)->36059K(36416K) Class: 4884K(5120K)->4884K(5120K)
[2025-09-12T09:55:47.479+0000][gc          ] GC(6) Pause Young (Normal) (G1 Evacuation Pause) 211M->147M(1024M) 10.931ms
[2025-09-12T09:55:47.479+0000][gc,cpu      ] GC(6) User=0.02s Sys=0.00s Real=0.01s
[2025-09-12T11:05:24.537+0000][gc,heap,exit] Heap
[2025-09-12T11:05:24.568+0000][gc,heap,exit]  garbage-first heap   total 1048576K, used 192604K [0x00000000c0000000, 0x0000000100000000)
[2025-09-12T11:05:24.568+0000][gc,heap,exit]   region size 1024K, 46 young (47104K), 5 survivors (5120K)
[2025-09-12T11:05:24.568+0000][gc,heap,exit]  Metaspace       used 41783K, committed 42368K, reserved 1114112K
[2025-09-12T11:05:24.569+0000][gc,heap,exit]   class space    used 5070K, committed 5312K, reserved 1048576K
