[2025-09-17T07:15:59.304+0000][gc] Using G1
[2025-09-17T07:15:59.313+0000][gc,init] Version: 17.0.16+8-Ubuntu-0ubuntu124.04.1 (release)
[2025-09-17T07:15:59.313+0000][gc,init] CPUs: 4 total, 4 available
[2025-09-17T07:15:59.313+0000][gc,init] Memory: 15944M
[2025-09-17T07:15:59.313+0000][gc,init] Large Page Support: Disabled
[2025-09-17T07:15:59.313+0000][gc,init] NUMA Support: Disabled
[2025-09-17T07:15:59.313+0000][gc,init] Compressed Oops: Enabled (32-bit)
[2025-09-17T07:15:59.313+0000][gc,init] Heap Region Size: 1M
[2025-09-17T07:15:59.313+0000][gc,init] Heap Min Capacity: 1G
[2025-09-17T07:15:59.313+0000][gc,init] Heap Initial Capacity: 1G
[2025-09-17T07:15:59.313+0000][gc,init] Heap Max Capacity: 1G
[2025-09-17T07:15:59.313+0000][gc,init] Pre-touch: Disabled
[2025-09-17T07:15:59.313+0000][gc,init] Parallel Workers: 4
[2025-09-17T07:15:59.313+0000][gc,init] Concurrent Workers: 1
[2025-09-17T07:15:59.313+0000][gc,init] Concurrent Refinement Workers: 4
[2025-09-17T07:15:59.313+0000][gc,init] Periodic GC: Disabled
[2025-09-17T07:15:59.322+0000][gc,metaspace] CDS archive(s) mapped at: [0x0000755fd7000000-0x0000755fd7bca000-0x0000755fd7bca000), size 12361728, SharedBaseAddress: 0x0000755fd7000000, ArchiveRelocationMode: 1.
[2025-09-17T07:15:59.322+0000][gc,metaspace] Compressed class space mapped at: 0x0000755fd8000000-0x0000756018000000, reserved size: 1073741824
[2025-09-17T07:15:59.322+0000][gc,metaspace] Narrow klass base: 0x0000755fd7000000, Narrow klass shift: 0, Narrow klass range: 0x100000000
[2025-09-17T07:16:00.391+0000][gc,start    ] GC(0) Pause Young (Normal) (G1 Evacuation Pause)
[2025-09-17T07:16:00.391+0000][gc,task     ] GC(0) Using 4 workers of 4 for evacuation
[2025-09-17T07:16:00.397+0000][gc,phases   ] GC(0)   Pre Evacuate Collection Set: 0.1ms
[2025-09-17T07:16:00.397+0000][gc,phases   ] GC(0)   Merge Heap Roots: 0.1ms
[2025-09-17T07:16:00.397+0000][gc,phases   ] GC(0)   Evacuate Collection Set: 4.9ms
[2025-09-17T07:16:00.397+0000][gc,phases   ] GC(0)   Post Evacuate Collection Set: 0.5ms
[2025-09-17T07:16:00.397+0000][gc,phases   ] GC(0)   Other: 0.4ms
[2025-09-17T07:16:00.397+0000][gc,heap     ] GC(0) Eden regions: 51->0(44)
[2025-09-17T07:16:00.397+0000][gc,heap     ] GC(0) Survivor regions: 0->7(7)
[2025-09-17T07:16:00.397+0000][gc,heap     ] GC(0) Old regions: 0->1
[2025-09-17T07:16:00.397+0000][gc,heap     ] GC(0) Archive regions: 2->2
[2025-09-17T07:16:00.397+0000][gc,heap     ] GC(0) Humongous regions: 0->0
[2025-09-17T07:16:00.397+0000][gc,metaspace] GC(0) Metaspace: 18447K(18688K)->18447K(18688K) NonClass: 16266K(16384K)->16266K(16384K) Class: 2181K(2304K)->2181K(2304K)
[2025-09-17T07:16:00.397+0000][gc          ] GC(0) Pause Young (Normal) (G1 Evacuation Pause) 51M->7M(1024M) 6.130ms
[2025-09-17T07:16:00.397+0000][gc,cpu      ] GC(0) User=0.02s Sys=0.00s Real=0.01s
[2025-09-17T07:16:00.646+0000][gc,start    ] GC(1) Pause Young (Concurrent Start) (Metadata GC Threshold)
[2025-09-17T07:16:00.646+0000][gc,task     ] GC(1) Using 4 workers of 4 for evacuation
[2025-09-17T07:16:00.652+0000][gc,phases   ] GC(1)   Pre Evacuate Collection Set: 0.2ms
[2025-09-17T07:16:00.652+0000][gc,phases   ] GC(1)   Merge Heap Roots: 0.0ms
[2025-09-17T07:16:00.652+0000][gc,phases   ] GC(1)   Evacuate Collection Set: 4.9ms
[2025-09-17T07:16:00.652+0000][gc,phases   ] GC(1)   Post Evacuate Collection Set: 0.4ms
[2025-09-17T07:16:00.652+0000][gc,phases   ] GC(1)   Other: 0.2ms
[2025-09-17T07:16:00.652+0000][gc,heap     ] GC(1) Eden regions: 11->0(50)
[2025-09-17T07:16:00.652+0000][gc,heap     ] GC(1) Survivor regions: 7->1(7)
[2025-09-17T07:16:00.652+0000][gc,heap     ] GC(1) Old regions: 1->8
[2025-09-17T07:16:00.652+0000][gc,heap     ] GC(1) Archive regions: 2->2
[2025-09-17T07:16:00.652+0000][gc,heap     ] GC(1) Humongous regions: 0->0
[2025-09-17T07:16:00.652+0000][gc,metaspace] GC(1) Metaspace: 21289K(21504K)->21289K(21504K) NonClass: 18724K(18816K)->18724K(18816K) Class: 2565K(2688K)->2565K(2688K)
[2025-09-17T07:16:00.652+0000][gc          ] GC(1) Pause Young (Concurrent Start) (Metadata GC Threshold) 18M->9M(1024M) 5.849ms
[2025-09-17T07:16:00.652+0000][gc,cpu      ] GC(1) User=0.01s Sys=0.00s Real=0.01s
[2025-09-17T07:16:00.652+0000][gc          ] GC(2) Concurrent Mark Cycle
[2025-09-17T07:16:00.652+0000][gc,marking  ] GC(2) Concurrent Clear Claimed Marks
[2025-09-17T07:16:00.652+0000][gc,marking  ] GC(2) Concurrent Clear Claimed Marks 0.016ms
[2025-09-17T07:16:00.652+0000][gc,marking  ] GC(2) Concurrent Scan Root Regions
[2025-09-17T07:16:00.656+0000][gc,marking  ] GC(2) Concurrent Scan Root Regions 3.612ms
[2025-09-17T07:16:00.656+0000][gc,marking  ] GC(2) Concurrent Mark
[2025-09-17T07:16:00.656+0000][gc,marking  ] GC(2) Concurrent Mark From Roots
[2025-09-17T07:16:00.656+0000][gc,task     ] GC(2) Using 1 workers of 1 for marking
[2025-09-17T07:16:00.658+0000][gc,marking  ] GC(2) Concurrent Mark From Roots 1.914ms
[2025-09-17T07:16:00.658+0000][gc,marking  ] GC(2) Concurrent Preclean
[2025-09-17T07:16:00.658+0000][gc,marking  ] GC(2) Concurrent Preclean 0.045ms
[2025-09-17T07:16:00.658+0000][gc,start    ] GC(2) Pause Remark
[2025-09-17T07:16:00.659+0000][gc          ] GC(2) Pause Remark 9M->9M(1024M) 1.621ms
[2025-09-17T07:16:00.659+0000][gc,cpu      ] GC(2) User=0.00s Sys=0.00s Real=0.00s
[2025-09-17T07:16:00.660+0000][gc,marking  ] GC(2) Concurrent Mark 3.787ms
[2025-09-17T07:16:00.660+0000][gc,marking  ] GC(2) Concurrent Rebuild Remembered Sets
[2025-09-17T07:16:00.664+0000][gc,marking  ] GC(2) Concurrent Rebuild Remembered Sets 4.068ms
[2025-09-17T07:16:00.664+0000][gc,start    ] GC(2) Pause Cleanup
[2025-09-17T07:16:00.664+0000][gc          ] GC(2) Pause Cleanup 10M->10M(1024M) 0.174ms
[2025-09-17T07:16:00.664+0000][gc,cpu      ] GC(2) User=0.00s Sys=0.00s Real=0.00s
[2025-09-17T07:16:00.664+0000][gc,marking  ] GC(2) Concurrent Cleanup for Next Mark
[2025-09-17T07:16:00.669+0000][gc,marking  ] GC(2) Concurrent Cleanup for Next Mark 4.761ms
[2025-09-17T07:16:00.669+0000][gc          ] GC(2) Concurrent Mark Cycle 16.683ms
[2025-09-17T07:16:02.666+0000][gc,start    ] GC(3) Pause Young (Normal) (G1 Evacuation Pause)
[2025-09-17T07:16:02.666+0000][gc,task     ] GC(3) Using 4 workers of 4 for evacuation
[2025-09-17T07:16:02.672+0000][gc,phases   ] GC(3)   Pre Evacuate Collection Set: 0.2ms
[2025-09-17T07:16:02.672+0000][gc,phases   ] GC(3)   Merge Heap Roots: 0.1ms
[2025-09-17T07:16:02.672+0000][gc,phases   ] GC(3)   Evacuate Collection Set: 5.4ms
[2025-09-17T07:16:02.672+0000][gc,phases   ] GC(3)   Post Evacuate Collection Set: 0.6ms
[2025-09-17T07:16:02.672+0000][gc,phases   ] GC(3)   Other: 0.1ms
[2025-09-17T07:16:02.672+0000][gc,heap     ] GC(3) Eden regions: 50->0(45)
[2025-09-17T07:16:02.672+0000][gc,heap     ] GC(3) Survivor regions: 1->6(7)
[2025-09-17T07:16:02.672+0000][gc,heap     ] GC(3) Old regions: 8->8
[2025-09-17T07:16:02.672+0000][gc,heap     ] GC(3) Archive regions: 2->2
[2025-09-17T07:16:02.672+0000][gc,heap     ] GC(3) Humongous regions: 129->129
[2025-09-17T07:16:02.672+0000][gc,metaspace] GC(3) Metaspace: 30784K(31040K)->30784K(31040K) NonClass: 27313K(27456K)->27313K(27456K) Class: 3470K(3584K)->3470K(3584K)
[2025-09-17T07:16:02.672+0000][gc          ] GC(3) Pause Young (Normal) (G1 Evacuation Pause) 188M->142M(1024M) 6.430ms
[2025-09-17T07:16:02.672+0000][gc,cpu      ] GC(3) User=0.02s Sys=0.00s Real=0.01s
[2025-09-17T07:16:03.025+0000][gc,start    ] GC(4) Pause Young (Concurrent Start) (Metadata GC Threshold)
[2025-09-17T07:16:03.025+0000][gc,task     ] GC(4) Using 4 workers of 4 for evacuation
[2025-09-17T07:16:03.031+0000][gc,phases   ] GC(4)   Pre Evacuate Collection Set: 0.2ms
[2025-09-17T07:16:03.031+0000][gc,phases   ] GC(4)   Merge Heap Roots: 0.1ms
[2025-09-17T07:16:03.031+0000][gc,phases   ] GC(4)   Evacuate Collection Set: 5.3ms
[2025-09-17T07:16:03.031+0000][gc,phases   ] GC(4)   Post Evacuate Collection Set: 0.5ms
[2025-09-17T07:16:03.031+0000][gc,phases   ] GC(4)   Other: 0.2ms
[2025-09-17T07:16:03.031+0000][gc,heap     ] GC(4) Eden regions: 22->0(49)
[2025-09-17T07:16:03.031+0000][gc,heap     ] GC(4) Survivor regions: 6->2(7)
[2025-09-17T07:16:03.031+0000][gc,heap     ] GC(4) Old regions: 8->13
[2025-09-17T07:16:03.031+0000][gc,heap     ] GC(4) Archive regions: 2->2
[2025-09-17T07:16:03.031+0000][gc,heap     ] GC(4) Humongous regions: 129->129
[2025-09-17T07:16:03.031+0000][gc,metaspace] GC(4) Metaspace: 35670K(35968K)->35670K(35968K) NonClass: 31606K(31744K)->31606K(31744K) Class: 4063K(4224K)->4063K(4224K)
[2025-09-17T07:16:03.031+0000][gc          ] GC(4) Pause Young (Concurrent Start) (Metadata GC Threshold) 164M->144M(1024M) 6.359ms
[2025-09-17T07:16:03.031+0000][gc,cpu      ] GC(4) User=0.02s Sys=0.01s Real=0.01s
[2025-09-17T07:16:03.031+0000][gc          ] GC(5) Concurrent Mark Cycle
[2025-09-17T07:16:03.031+0000][gc,marking  ] GC(5) Concurrent Clear Claimed Marks
[2025-09-17T07:16:03.031+0000][gc,marking  ] GC(5) Concurrent Clear Claimed Marks 0.026ms
[2025-09-17T07:16:03.031+0000][gc,marking  ] GC(5) Concurrent Scan Root Regions
[2025-09-17T07:16:03.038+0000][gc,marking  ] GC(5) Concurrent Scan Root Regions 6.433ms
[2025-09-17T07:16:03.038+0000][gc,marking  ] GC(5) Concurrent Mark
[2025-09-17T07:16:03.038+0000][gc,marking  ] GC(5) Concurrent Mark From Roots
[2025-09-17T07:16:03.038+0000][gc,task     ] GC(5) Using 1 workers of 1 for marking
[2025-09-17T07:16:03.062+0000][gc,marking  ] GC(5) Concurrent Mark From Roots 23.927ms
[2025-09-17T07:16:03.062+0000][gc,marking  ] GC(5) Concurrent Preclean
[2025-09-17T07:16:03.062+0000][gc,marking  ] GC(5) Concurrent Preclean 0.092ms
[2025-09-17T07:16:03.062+0000][gc,start    ] GC(5) Pause Remark
[2025-09-17T07:16:03.064+0000][gc          ] GC(5) Pause Remark 146M->146M(1024M) 2.440ms
[2025-09-17T07:16:03.064+0000][gc,cpu      ] GC(5) User=0.01s Sys=0.00s Real=0.00s
[2025-09-17T07:16:03.064+0000][gc,marking  ] GC(5) Concurrent Mark 26.655ms
[2025-09-17T07:16:03.064+0000][gc,marking  ] GC(5) Concurrent Rebuild Remembered Sets
[2025-09-17T07:16:03.074+0000][gc,marking  ] GC(5) Concurrent Rebuild Remembered Sets 9.561ms
[2025-09-17T07:16:03.074+0000][gc,start    ] GC(5) Pause Cleanup
[2025-09-17T07:16:03.074+0000][gc          ] GC(5) Pause Cleanup 146M->146M(1024M) 0.202ms
[2025-09-17T07:16:03.074+0000][gc,cpu      ] GC(5) User=0.00s Sys=0.00s Real=0.00s
[2025-09-17T07:16:03.074+0000][gc,marking  ] GC(5) Concurrent Cleanup for Next Mark
[2025-09-17T07:16:03.085+0000][gc,marking  ] GC(5) Concurrent Cleanup for Next Mark 10.487ms
[2025-09-17T07:16:03.085+0000][gc          ] GC(5) Concurrent Mark Cycle 53.694ms
[2025-09-17T07:16:29.445+0000][gc,start    ] GC(6) Pause Young (Prepare Mixed) (G1 Evacuation Pause)
[2025-09-17T07:16:29.445+0000][gc,task     ] GC(6) Using 4 workers of 4 for evacuation
[2025-09-17T07:16:29.451+0000][gc,phases   ] GC(6)   Pre Evacuate Collection Set: 0.2ms
[2025-09-17T07:16:29.451+0000][gc,phases   ] GC(6)   Merge Heap Roots: 0.1ms
[2025-09-17T07:16:29.451+0000][gc,phases   ] GC(6)   Evacuate Collection Set: 4.7ms
[2025-09-17T07:16:29.451+0000][gc,phases   ] GC(6)   Post Evacuate Collection Set: 0.7ms
[2025-09-17T07:16:29.451+0000][gc,phases   ] GC(6)   Other: 0.1ms
[2025-09-17T07:16:29.451+0000][gc,heap     ] GC(6) Eden regions: 49->0(46)
[2025-09-17T07:16:29.451+0000][gc,heap     ] GC(6) Survivor regions: 2->5(7)
[2025-09-17T07:16:29.451+0000][gc,heap     ] GC(6) Old regions: 13->13
[2025-09-17T07:16:29.451+0000][gc,heap     ] GC(6) Archive regions: 2->2
[2025-09-17T07:16:29.451+0000][gc,heap     ] GC(6) Humongous regions: 153->129
[2025-09-17T07:16:29.451+0000][gc,metaspace] GC(6) Metaspace: 40398K(40960K)->40398K(40960K) NonClass: 35617K(35968K)->35617K(35968K) Class: 4781K(4992K)->4781K(4992K)
[2025-09-17T07:16:29.451+0000][gc          ] GC(6) Pause Young (Prepare Mixed) (G1 Evacuation Pause) 217M->147M(1024M) 5.990ms
[2025-09-17T07:16:29.451+0000][gc,cpu      ] GC(6) User=0.02s Sys=0.00s Real=0.01s
[2025-09-17T07:20:28.782+0000][gc,start    ] GC(7) Pause Young (Mixed) (G1 Evacuation Pause)
[2025-09-17T07:20:28.782+0000][gc,task     ] GC(7) Using 4 workers of 4 for evacuation
[2025-09-17T07:20:28.793+0000][gc,phases   ] GC(7)   Pre Evacuate Collection Set: 0.2ms
[2025-09-17T07:20:28.793+0000][gc,phases   ] GC(7)   Merge Heap Roots: 0.1ms
[2025-09-17T07:20:28.793+0000][gc,phases   ] GC(7)   Evacuate Collection Set: 9.2ms
[2025-09-17T07:20:28.793+0000][gc,phases   ] GC(7)   Post Evacuate Collection Set: 1.2ms
[2025-09-17T07:20:28.793+0000][gc,phases   ] GC(7)   Other: 0.1ms
[2025-09-17T07:20:28.793+0000][gc,heap     ] GC(7) Eden regions: 46->0(47)
[2025-09-17T07:20:28.793+0000][gc,heap     ] GC(7) Survivor regions: 5->4(7)
[2025-09-17T07:20:28.793+0000][gc,heap     ] GC(7) Old regions: 13->14
[2025-09-17T07:20:28.793+0000][gc,heap     ] GC(7) Archive regions: 2->2
[2025-09-17T07:20:28.793+0000][gc,heap     ] GC(7) Humongous regions: 129->129
[2025-09-17T07:20:28.793+0000][gc,metaspace] GC(7) Metaspace: 41095K(41664K)->41095K(41664K) NonClass: 36274K(36608K)->36274K(36608K) Class: 4820K(5056K)->4820K(5056K)
[2025-09-17T07:20:28.793+0000][gc          ] GC(7) Pause Young (Mixed) (G1 Evacuation Pause) 193M->147M(1024M) 10.920ms
[2025-09-17T07:20:28.793+0000][gc,cpu      ] GC(7) User=0.03s Sys=0.00s Real=0.01s
[2025-09-17T07:24:43.632+0000][gc,start    ] GC(8) Pause Young (Normal) (G1 Evacuation Pause)
[2025-09-17T07:24:43.632+0000][gc,task     ] GC(8) Using 4 workers of 4 for evacuation
[2025-09-17T07:24:43.637+0000][gc,phases   ] GC(8)   Pre Evacuate Collection Set: 0.2ms
[2025-09-17T07:24:43.637+0000][gc,phases   ] GC(8)   Merge Heap Roots: 0.1ms
[2025-09-17T07:24:43.637+0000][gc,phases   ] GC(8)   Evacuate Collection Set: 4.3ms
[2025-09-17T07:24:43.637+0000][gc,phases   ] GC(8)   Post Evacuate Collection Set: 0.6ms
[2025-09-17T07:24:43.637+0000][gc,phases   ] GC(8)   Other: 0.1ms
[2025-09-17T07:24:43.637+0000][gc,heap     ] GC(8) Eden regions: 47->0(47)
[2025-09-17T07:24:43.637+0000][gc,heap     ] GC(8) Survivor regions: 4->4(7)
[2025-09-17T07:24:43.637+0000][gc,heap     ] GC(8) Old regions: 14->14
[2025-09-17T07:24:43.637+0000][gc,heap     ] GC(8) Archive regions: 2->2
[2025-09-17T07:24:43.637+0000][gc,heap     ] GC(8) Humongous regions: 129->129
[2025-09-17T07:24:43.637+0000][gc,metaspace] GC(8) Metaspace: 41363K(41920K)->41363K(41920K) NonClass: 36542K(36864K)->36542K(36864K) Class: 4820K(5056K)->4820K(5056K)
[2025-09-17T07:24:43.637+0000][gc          ] GC(8) Pause Young (Normal) (G1 Evacuation Pause) 194M->147M(1024M) 5.450ms
[2025-09-17T07:24:43.637+0000][gc,cpu      ] GC(8) User=0.02s Sys=0.00s Real=0.01s
[2025-09-17T07:29:03.966+0000][gc,start    ] GC(9) Pause Young (Normal) (G1 Evacuation Pause)
[2025-09-17T07:29:03.966+0000][gc,task     ] GC(9) Using 4 workers of 4 for evacuation
[2025-09-17T07:29:03.971+0000][gc,phases   ] GC(9)   Pre Evacuate Collection Set: 0.2ms
[2025-09-17T07:29:03.971+0000][gc,phases   ] GC(9)   Merge Heap Roots: 0.1ms
[2025-09-17T07:29:03.971+0000][gc,phases   ] GC(9)   Evacuate Collection Set: 4.5ms
[2025-09-17T07:29:03.971+0000][gc,phases   ] GC(9)   Post Evacuate Collection Set: 0.5ms
[2025-09-17T07:29:03.971+0000][gc,phases   ] GC(9)   Other: 0.1ms
[2025-09-17T07:29:03.971+0000][gc,heap     ] GC(9) Eden regions: 47->0(48)
[2025-09-17T07:29:03.971+0000][gc,heap     ] GC(9) Survivor regions: 4->3(7)
[2025-09-17T07:29:03.971+0000][gc,heap     ] GC(9) Old regions: 14->16
[2025-09-17T07:29:03.971+0000][gc,heap     ] GC(9) Archive regions: 2->2
[2025-09-17T07:29:03.971+0000][gc,heap     ] GC(9) Humongous regions: 129->129
[2025-09-17T07:29:03.971+0000][gc,metaspace] GC(9) Metaspace: 41518K(42048K)->41518K(42048K) NonClass: 36682K(36992K)->36682K(36992K) Class: 4835K(5056K)->4835K(5056K)
[2025-09-17T07:29:03.971+0000][gc          ] GC(9) Pause Young (Normal) (G1 Evacuation Pause) 194M->148M(1024M) 5.599ms
[2025-09-17T07:29:03.971+0000][gc,cpu      ] GC(9) User=0.02s Sys=0.00s Real=0.01s
[2025-09-17T07:33:35.298+0000][gc,start    ] GC(10) Pause Young (Normal) (G1 Evacuation Pause)
[2025-09-17T07:33:35.298+0000][gc,task     ] GC(10) Using 4 workers of 4 for evacuation
[2025-09-17T07:33:35.310+0000][gc,phases   ] GC(10)   Pre Evacuate Collection Set: 0.4ms
[2025-09-17T07:33:35.310+0000][gc,phases   ] GC(10)   Merge Heap Roots: 0.1ms
[2025-09-17T07:33:35.310+0000][gc,phases   ] GC(10)   Evacuate Collection Set: 10.4ms
[2025-09-17T07:33:35.310+0000][gc,phases   ] GC(10)   Post Evacuate Collection Set: 0.6ms
[2025-09-17T07:33:35.310+0000][gc,phases   ] GC(10)   Other: 0.1ms
[2025-09-17T07:33:35.310+0000][gc,heap     ] GC(10) Eden regions: 48->0(48)
[2025-09-17T07:33:35.310+0000][gc,heap     ] GC(10) Survivor regions: 3->3(7)
[2025-09-17T07:33:35.310+0000][gc,heap     ] GC(10) Old regions: 16->16
[2025-09-17T07:33:35.310+0000][gc,heap     ] GC(10) Archive regions: 2->2
[2025-09-17T07:33:35.310+0000][gc,heap     ] GC(10) Humongous regions: 129->129
[2025-09-17T07:33:35.310+0000][gc,metaspace] GC(10) Metaspace: 41535K(42048K)->41535K(42048K) NonClass: 36699K(36992K)->36699K(36992K) Class: 4835K(5056K)->4835K(5056K)
[2025-09-17T07:33:35.310+0000][gc          ] GC(10) Pause Young (Normal) (G1 Evacuation Pause) 196M->148M(1024M) 11.773ms
[2025-09-17T07:33:35.310+0000][gc,cpu      ] GC(10) User=0.01s Sys=0.00s Real=0.01s
[2025-09-17T07:38:06.633+0000][gc,start    ] GC(11) Pause Young (Normal) (G1 Evacuation Pause)
[2025-09-17T07:38:06.633+0000][gc,task     ] GC(11) Using 4 workers of 4 for evacuation
[2025-09-17T07:38:06.636+0000][gc,phases   ] GC(11)   Pre Evacuate Collection Set: 0.2ms
[2025-09-17T07:38:06.636+0000][gc,phases   ] GC(11)   Merge Heap Roots: 0.1ms
[2025-09-17T07:38:06.636+0000][gc,phases   ] GC(11)   Evacuate Collection Set: 2.8ms
[2025-09-17T07:38:06.636+0000][gc,phases   ] GC(11)   Post Evacuate Collection Set: 0.5ms
[2025-09-17T07:38:06.636+0000][gc,phases   ] GC(11)   Other: 0.1ms
[2025-09-17T07:38:06.636+0000][gc,heap     ] GC(11) Eden regions: 48->0(69)
[2025-09-17T07:38:06.636+0000][gc,heap     ] GC(11) Survivor regions: 3->3(7)
[2025-09-17T07:38:06.636+0000][gc,heap     ] GC(11) Old regions: 16->16
[2025-09-17T07:38:06.636+0000][gc,heap     ] GC(11) Archive regions: 2->2
[2025-09-17T07:38:06.636+0000][gc,heap     ] GC(11) Humongous regions: 129->129
[2025-09-17T07:38:06.636+0000][gc,metaspace] GC(11) Metaspace: 41570K(42112K)->41570K(42112K) NonClass: 36734K(37056K)->36734K(37056K) Class: 4835K(5056K)->4835K(5056K)
[2025-09-17T07:38:06.636+0000][gc          ] GC(11) Pause Young (Normal) (G1 Evacuation Pause) 196M->148M(1024M) 3.808ms
[2025-09-17T07:38:06.636+0000][gc,cpu      ] GC(11) User=0.01s Sys=0.00s Real=0.00s
[2025-09-17T07:44:33.121+0000][gc,start    ] GC(12) Pause Young (Normal) (G1 Evacuation Pause)
[2025-09-17T07:44:33.121+0000][gc,task     ] GC(12) Using 4 workers of 4 for evacuation
[2025-09-17T07:44:33.131+0000][gc,phases   ] GC(12)   Pre Evacuate Collection Set: 0.3ms
[2025-09-17T07:44:33.131+0000][gc,phases   ] GC(12)   Merge Heap Roots: 0.1ms
[2025-09-17T07:44:33.131+0000][gc,phases   ] GC(12)   Evacuate Collection Set: 8.5ms
[2025-09-17T07:44:33.131+0000][gc,phases   ] GC(12)   Post Evacuate Collection Set: 0.6ms
[2025-09-17T07:44:33.131+0000][gc,phases   ] GC(12)   Other: 0.2ms
[2025-09-17T07:44:33.131+0000][gc,heap     ] GC(12) Eden regions: 69->0(98)
[2025-09-17T07:44:33.131+0000][gc,heap     ] GC(12) Survivor regions: 3->4(9)
[2025-09-17T07:44:33.131+0000][gc,heap     ] GC(12) Old regions: 16->16
[2025-09-17T07:44:33.131+0000][gc,heap     ] GC(12) Archive regions: 2->2
[2025-09-17T07:44:33.131+0000][gc,heap     ] GC(12) Humongous regions: 129->129
[2025-09-17T07:44:33.131+0000][gc,metaspace] GC(12) Metaspace: 41634K(42176K)->41634K(42176K) NonClass: 36795K(37120K)->36795K(37120K) Class: 4838K(5056K)->4838K(5056K)
[2025-09-17T07:44:33.131+0000][gc          ] GC(12) Pause Young (Normal) (G1 Evacuation Pause) 217M->148M(1024M) 9.647ms
[2025-09-17T07:44:33.131+0000][gc,cpu      ] GC(12) User=0.01s Sys=0.01s Real=0.01s
[2025-09-17T07:53:23.801+0000][gc,start    ] GC(13) Pause Young (Normal) (G1 Evacuation Pause)
[2025-09-17T07:53:23.801+0000][gc,task     ] GC(13) Using 4 workers of 4 for evacuation
[2025-09-17T07:53:23.807+0000][gc,phases   ] GC(13)   Pre Evacuate Collection Set: 0.1ms
[2025-09-17T07:53:23.807+0000][gc,phases   ] GC(13)   Merge Heap Roots: 0.1ms
[2025-09-17T07:53:23.807+0000][gc,phases   ] GC(13)   Evacuate Collection Set: 5.4ms
[2025-09-17T07:53:23.807+0000][gc,phases   ] GC(13)   Post Evacuate Collection Set: 0.5ms
[2025-09-17T07:53:23.807+0000][gc,phases   ] GC(13)   Other: 0.2ms
[2025-09-17T07:53:23.807+0000][gc,heap     ] GC(13) Eden regions: 98->0(195)
[2025-09-17T07:53:23.807+0000][gc,heap     ] GC(13) Survivor regions: 4->4(13)
[2025-09-17T07:53:23.807+0000][gc,heap     ] GC(13) Old regions: 16->16
[2025-09-17T07:53:23.807+0000][gc,heap     ] GC(13) Archive regions: 2->2
[2025-09-17T07:53:23.807+0000][gc,heap     ] GC(13) Humongous regions: 129->129
[2025-09-17T07:53:23.807+0000][gc,metaspace] GC(13) Metaspace: 41705K(42240K)->41705K(42240K) NonClass: 36864K(37184K)->36864K(37184K) Class: 4840K(5056K)->4840K(5056K)
[2025-09-17T07:53:23.807+0000][gc          ] GC(13) Pause Young (Normal) (G1 Evacuation Pause) 246M->149M(1024M) 6.369ms
[2025-09-17T07:53:23.807+0000][gc,cpu      ] GC(13) User=0.01s Sys=0.00s Real=0.01s
[2025-09-17T08:11:35.711+0000][gc,start    ] GC(14) Pause Young (Normal) (G1 Evacuation Pause)
[2025-09-17T08:11:35.711+0000][gc,task     ] GC(14) Using 4 workers of 4 for evacuation
[2025-09-17T08:11:35.718+0000][gc,phases   ] GC(14)   Pre Evacuate Collection Set: 0.1ms
[2025-09-17T08:11:35.718+0000][gc,phases   ] GC(14)   Merge Heap Roots: 0.1ms
[2025-09-17T08:11:35.718+0000][gc,phases   ] GC(14)   Evacuate Collection Set: 5.7ms
[2025-09-17T08:11:35.718+0000][gc,phases   ] GC(14)   Post Evacuate Collection Set: 0.5ms
[2025-09-17T08:11:35.718+0000][gc,phases   ] GC(14)   Other: 0.2ms
[2025-09-17T08:11:35.718+0000][gc,heap     ] GC(14) Eden regions: 195->0(208)
[2025-09-17T08:11:35.718+0000][gc,heap     ] GC(14) Survivor regions: 4->6(25)
[2025-09-17T08:11:35.718+0000][gc,heap     ] GC(14) Old regions: 16->16
[2025-09-17T08:11:35.718+0000][gc,heap     ] GC(14) Archive regions: 2->2
[2025-09-17T08:11:35.718+0000][gc,heap     ] GC(14) Humongous regions: 129->129
[2025-09-17T08:11:35.718+0000][gc,metaspace] GC(14) Metaspace: 41789K(42304K)->41789K(42304K) NonClass: 36948K(37248K)->36948K(37248K) Class: 4840K(5056K)->4840K(5056K)
[2025-09-17T08:11:35.718+0000][gc          ] GC(14) Pause Young (Normal) (G1 Evacuation Pause) 344M->151M(1024M) 6.785ms
[2025-09-17T08:11:35.718+0000][gc,cpu      ] GC(14) User=0.01s Sys=0.01s Real=0.01s
[2025-09-17T08:21:34.490+0000][gc,heap,exit] Heap
[2025-09-17T08:21:34.491+0000][gc,heap,exit]  garbage-first heap   total 1048576K, used 281769K [0x00000000c0000000, 0x0000000100000000)
[2025-09-17T08:21:34.491+0000][gc,heap,exit]   region size 1024K, 130 young (133120K), 6 survivors (6144K)
[2025-09-17T08:21:34.491+0000][gc,heap,exit]  Metaspace       used 42444K, committed 43008K, reserved 1114112K
[2025-09-17T08:21:34.491+0000][gc,heap,exit]   class space    used 4990K, committed 5248K, reserved 1048576K
