[2025-09-12T07:36:48.386+0000][gc] Using G1
[2025-09-12T07:36:48.396+0000][gc,init] Version: 17.0.16+8-Ubuntu-0ubuntu124.04.1 (release)
[2025-09-12T07:36:48.396+0000][gc,init] CPUs: 2 total, 2 available
[2025-09-12T07:36:48.396+0000][gc,init] Memory: 3867M
[2025-09-12T07:36:48.396+0000][gc,init] Large Page Support: Disabled
[2025-09-12T07:36:48.396+0000][gc,init] NUMA Support: Disabled
[2025-09-12T07:36:48.396+0000][gc,init] Compressed Oops: Enabled (32-bit)
[2025-09-12T07:36:48.396+0000][gc,init] Heap Region Size: 1M
[2025-09-12T07:36:48.396+0000][gc,init] Heap Min Capacity: 1G
[2025-09-12T07:36:48.396+0000][gc,init] Heap Initial Capacity: 1G
[2025-09-12T07:36:48.396+0000][gc,init] Heap Max Capacity: 1G
[2025-09-12T07:36:48.396+0000][gc,init] Pre-touch: Disabled
[2025-09-12T07:36:48.396+0000][gc,init] Parallel Workers: 2
[2025-09-12T07:36:48.396+0000][gc,init] Concurrent Workers: 1
[2025-09-12T07:36:48.396+0000][gc,init] Concurrent Refinement Workers: 2
[2025-09-12T07:36:48.396+0000][gc,init] Periodic GC: Disabled
[2025-09-12T07:36:48.404+0000][gc,metaspace] CDS archive(s) mapped at: [0x00007929a7000000-0x00007929a7bca000-0x00007929a7bca000), size 12361728, SharedBaseAddress: 0x00007929a7000000, ArchiveRelocationMode: 1.
[2025-09-12T07:36:48.404+0000][gc,metaspace] Compressed class space mapped at: 0x00007929a8000000-0x00007929e8000000, reserved size: 1073741824
[2025-09-12T07:36:48.404+0000][gc,metaspace] Narrow klass base: 0x00007929a7000000, Narrow klass shift: 0, Narrow klass range: 0x100000000
[2025-09-12T07:36:52.585+0000][gc,start    ] GC(0) Pause Young (Normal) (G1 Evacuation Pause)
[2025-09-12T07:36:52.586+0000][gc,task     ] GC(0) Using 2 workers of 2 for evacuation
[2025-09-12T07:36:52.596+0000][gc,phases   ] GC(0)   Pre Evacuate Collection Set: 0.3ms
[2025-09-12T07:36:52.596+0000][gc,phases   ] GC(0)   Merge Heap Roots: 0.1ms
[2025-09-12T07:36:52.596+0000][gc,phases   ] GC(0)   Evacuate Collection Set: 8.9ms
[2025-09-12T07:36:52.596+0000][gc,phases   ] GC(0)   Post Evacuate Collection Set: 0.6ms
[2025-09-12T07:36:52.596+0000][gc,phases   ] GC(0)   Other: 0.3ms
[2025-09-12T07:36:52.596+0000][gc,heap     ] GC(0) Eden regions: 51->0(44)
[2025-09-12T07:36:52.596+0000][gc,heap     ] GC(0) Survivor regions: 0->7(7)
[2025-09-12T07:36:52.596+0000][gc,heap     ] GC(0) Old regions: 0->1
[2025-09-12T07:36:52.596+0000][gc,heap     ] GC(0) Archive regions: 2->2
[2025-09-12T07:36:52.596+0000][gc,heap     ] GC(0) Humongous regions: 0->0
[2025-09-12T07:36:52.596+0000][gc,metaspace] GC(0) Metaspace: 18435K(18688K)->18435K(18688K) NonClass: 16247K(16384K)->16247K(16384K) Class: 2187K(2304K)->2187K(2304K)
[2025-09-12T07:36:52.596+0000][gc          ] GC(0) Pause Young (Normal) (G1 Evacuation Pause) 51M->7M(1024M) 10.342ms
[2025-09-12T07:36:52.596+0000][gc,cpu      ] GC(0) User=0.01s Sys=0.01s Real=0.01s
[2025-09-12T07:36:53.524+0000][gc,start    ] GC(1) Pause Young (Concurrent Start) (Metadata GC Threshold)
[2025-09-12T07:36:53.524+0000][gc,task     ] GC(1) Using 2 workers of 2 for evacuation
[2025-09-12T07:36:53.538+0000][gc,phases   ] GC(1)   Pre Evacuate Collection Set: 3.8ms
[2025-09-12T07:36:53.538+0000][gc,phases   ] GC(1)   Merge Heap Roots: 0.1ms
[2025-09-12T07:36:53.538+0000][gc,phases   ] GC(1)   Evacuate Collection Set: 9.8ms
[2025-09-12T07:36:53.538+0000][gc,phases   ] GC(1)   Post Evacuate Collection Set: 0.7ms
[2025-09-12T07:36:53.538+0000][gc,phases   ] GC(1)   Other: 0.3ms
[2025-09-12T07:36:53.538+0000][gc,heap     ] GC(1) Eden regions: 13->0(49)
[2025-09-12T07:36:53.538+0000][gc,heap     ] GC(1) Survivor regions: 7->2(7)
[2025-09-12T07:36:53.538+0000][gc,heap     ] GC(1) Old regions: 1->7
[2025-09-12T07:36:53.538+0000][gc,heap     ] GC(1) Archive regions: 2->2
[2025-09-12T07:36:53.538+0000][gc,heap     ] GC(1) Humongous regions: 129->129
[2025-09-12T07:36:53.538+0000][gc,metaspace] GC(1) Metaspace: 21283K(21504K)->21283K(21504K) NonClass: 18717K(18816K)->18717K(18816K) Class: 2565K(2688K)->2565K(2688K)
[2025-09-12T07:36:53.538+0000][gc          ] GC(1) Pause Young (Concurrent Start) (Metadata GC Threshold) 149M->138M(1024M) 14.709ms
[2025-09-12T07:36:53.538+0000][gc,cpu      ] GC(1) User=0.01s Sys=0.01s Real=0.01s
[2025-09-12T07:36:53.538+0000][gc          ] GC(2) Concurrent Mark Cycle
[2025-09-12T07:36:53.538+0000][gc,marking  ] GC(2) Concurrent Clear Claimed Marks
[2025-09-12T07:36:53.539+0000][gc,marking  ] GC(2) Concurrent Clear Claimed Marks 0.546ms
[2025-09-12T07:36:53.539+0000][gc,marking  ] GC(2) Concurrent Scan Root Regions
[2025-09-12T07:36:53.544+0000][gc,marking  ] GC(2) Concurrent Scan Root Regions 4.824ms
[2025-09-12T07:36:53.544+0000][gc,marking  ] GC(2) Concurrent Mark
[2025-09-12T07:36:53.544+0000][gc,marking  ] GC(2) Concurrent Mark From Roots
[2025-09-12T07:36:53.544+0000][gc,task     ] GC(2) Using 1 workers of 1 for marking
[2025-09-12T07:36:53.546+0000][gc,marking  ] GC(2) Concurrent Mark From Roots 2.081ms
[2025-09-12T07:36:53.546+0000][gc,marking  ] GC(2) Concurrent Preclean
[2025-09-12T07:36:53.546+0000][gc,marking  ] GC(2) Concurrent Preclean 0.029ms
[2025-09-12T07:36:53.546+0000][gc,start    ] GC(2) Pause Remark
[2025-09-12T07:36:53.549+0000][gc          ] GC(2) Pause Remark 139M->139M(1024M) 2.964ms
[2025-09-12T07:36:53.549+0000][gc,cpu      ] GC(2) User=0.00s Sys=0.00s Real=0.00s
[2025-09-12T07:36:53.549+0000][gc,marking  ] GC(2) Concurrent Mark 5.191ms
[2025-09-12T07:36:53.549+0000][gc,marking  ] GC(2) Concurrent Rebuild Remembered Sets
[2025-09-12T07:36:53.549+0000][gc,marking  ] GC(2) Concurrent Rebuild Remembered Sets 0.003ms
[2025-09-12T07:36:53.549+0000][gc,start    ] GC(2) Pause Cleanup
[2025-09-12T07:36:53.549+0000][gc          ] GC(2) Pause Cleanup 139M->139M(1024M) 0.008ms
[2025-09-12T07:36:53.549+0000][gc,cpu      ] GC(2) User=0.00s Sys=0.00s Real=0.00s
[2025-09-12T07:36:53.549+0000][gc,marking  ] GC(2) Concurrent Cleanup for Next Mark
[2025-09-12T07:36:53.554+0000][gc,marking  ] GC(2) Concurrent Cleanup for Next Mark 4.759ms
[2025-09-12T07:36:53.554+0000][gc          ] GC(2) Concurrent Mark Cycle 15.539ms
[2025-09-12T07:36:55.417+0000][gc,start    ] GC(3) Pause Young (Normal) (G1 Evacuation Pause)
[2025-09-12T07:36:55.417+0000][gc,task     ] GC(3) Using 2 workers of 2 for evacuation
[2025-09-12T07:36:55.434+0000][gc,phases   ] GC(3)   Pre Evacuate Collection Set: 0.3ms
[2025-09-12T07:36:55.434+0000][gc,phases   ] GC(3)   Merge Heap Roots: 0.1ms
[2025-09-12T07:36:55.434+0000][gc,phases   ] GC(3)   Evacuate Collection Set: 15.8ms
[2025-09-12T07:36:55.434+0000][gc,phases   ] GC(3)   Post Evacuate Collection Set: 0.7ms
[2025-09-12T07:36:55.434+0000][gc,phases   ] GC(3)   Other: 0.1ms
[2025-09-12T07:36:55.434+0000][gc,heap     ] GC(3) Eden regions: 49->0(45)
[2025-09-12T07:36:55.434+0000][gc,heap     ] GC(3) Survivor regions: 2->6(7)
[2025-09-12T07:36:55.434+0000][gc,heap     ] GC(3) Old regions: 7->7
[2025-09-12T07:36:55.434+0000][gc,heap     ] GC(3) Archive regions: 2->2
[2025-09-12T07:36:55.434+0000][gc,heap     ] GC(3) Humongous regions: 129->129
[2025-09-12T07:36:55.434+0000][gc,metaspace] GC(3) Metaspace: 32484K(32832K)->32484K(32832K) NonClass: 28822K(28992K)->28822K(28992K) Class: 3662K(3840K)->3662K(3840K)
[2025-09-12T07:36:55.434+0000][gc          ] GC(3) Pause Young (Normal) (G1 Evacuation Pause) 187M->142M(1024M) 17.138ms
[2025-09-12T07:36:55.434+0000][gc,cpu      ] GC(3) User=0.03s Sys=0.00s Real=0.02s
[2025-09-12T07:38:13.526+0000][gc,start    ] GC(4) Pause Young (Concurrent Start) (Metadata GC Threshold)
[2025-09-12T07:38:13.526+0000][gc,task     ] GC(4) Using 2 workers of 2 for evacuation
[2025-09-12T07:38:13.537+0000][gc,phases   ] GC(4)   Pre Evacuate Collection Set: 0.4ms
[2025-09-12T07:38:13.537+0000][gc,phases   ] GC(4)   Merge Heap Roots: 0.1ms
[2025-09-12T07:38:13.537+0000][gc,phases   ] GC(4)   Evacuate Collection Set: 10.0ms
[2025-09-12T07:38:13.537+0000][gc,phases   ] GC(4)   Post Evacuate Collection Set: 0.5ms
[2025-09-12T07:38:13.538+0000][gc,phases   ] GC(4)   Other: 0.2ms
[2025-09-12T07:38:13.538+0000][gc,heap     ] GC(4) Eden regions: 16->0(50)
[2025-09-12T07:38:13.538+0000][gc,heap     ] GC(4) Survivor regions: 6->1(7)
[2025-09-12T07:38:13.538+0000][gc,heap     ] GC(4) Old regions: 7->13
[2025-09-12T07:38:13.538+0000][gc,heap     ] GC(4) Archive regions: 2->2
[2025-09-12T07:38:13.538+0000][gc,heap     ] GC(4) Humongous regions: 129->129
[2025-09-12T07:38:13.538+0000][gc,metaspace] GC(4) Metaspace: 35593K(35968K)->35593K(35968K) NonClass: 31441K(31680K)->31441K(31680K) Class: 4151K(4288K)->4151K(4288K)
[2025-09-12T07:38:13.538+0000][gc          ] GC(4) Pause Young (Concurrent Start) (Metadata GC Threshold) 158M->143M(1024M) 11.261ms
[2025-09-12T07:38:13.538+0000][gc,cpu      ] GC(4) User=0.02s Sys=0.00s Real=0.01s
[2025-09-12T07:38:13.538+0000][gc          ] GC(5) Concurrent Mark Cycle
[2025-09-12T07:38:13.538+0000][gc,marking  ] GC(5) Concurrent Clear Claimed Marks
[2025-09-12T07:38:13.538+0000][gc,marking  ] GC(5) Concurrent Clear Claimed Marks 0.026ms
[2025-09-12T07:38:13.538+0000][gc,marking  ] GC(5) Concurrent Scan Root Regions
[2025-09-12T07:38:13.561+0000][gc,marking  ] GC(5) Concurrent Scan Root Regions 22.025ms
[2025-09-12T07:38:13.561+0000][gc,marking  ] GC(5) Concurrent Mark
[2025-09-12T07:38:13.561+0000][gc,marking  ] GC(5) Concurrent Mark From Roots
[2025-09-12T07:38:13.561+0000][gc,task     ] GC(5) Using 1 workers of 1 for marking
[2025-09-12T07:38:13.582+0000][gc,marking  ] GC(5) Concurrent Mark From Roots 21.027ms
[2025-09-12T07:38:13.582+0000][gc,marking  ] GC(5) Concurrent Preclean
[2025-09-12T07:38:13.582+0000][gc,marking  ] GC(5) Concurrent Preclean 0.070ms
[2025-09-12T07:38:13.582+0000][gc,start    ] GC(5) Pause Remark
[2025-09-12T07:38:13.585+0000][gc          ] GC(5) Pause Remark 145M->145M(1024M) 3.105ms
[2025-09-12T07:38:13.585+0000][gc,cpu      ] GC(5) User=0.01s Sys=0.00s Real=0.00s
[2025-09-12T07:38:13.585+0000][gc,marking  ] GC(5) Concurrent Mark 24.558ms
[2025-09-12T07:38:13.585+0000][gc,marking  ] GC(5) Concurrent Rebuild Remembered Sets
[2025-09-12T07:38:13.603+0000][gc,marking  ] GC(5) Concurrent Rebuild Remembered Sets 17.648ms
[2025-09-12T07:38:13.604+0000][gc,start    ] GC(5) Pause Cleanup
[2025-09-12T07:38:13.604+0000][gc          ] GC(5) Pause Cleanup 145M->145M(1024M) 0.207ms
[2025-09-12T07:38:13.604+0000][gc,cpu      ] GC(5) User=0.00s Sys=0.00s Real=0.00s
[2025-09-12T07:38:13.607+0000][gc,marking  ] GC(5) Concurrent Cleanup for Next Mark
[2025-09-12T07:38:13.653+0000][gc,marking  ] GC(5) Concurrent Cleanup for Next Mark 46.050ms
[2025-09-12T07:38:13.653+0000][gc          ] GC(5) Concurrent Mark Cycle 115.019ms
[2025-09-12T07:43:37.432+0000][gc,start    ] GC(6) Pause Young (Normal) (G1 Evacuation Pause)
[2025-09-12T07:43:37.432+0000][gc,task     ] GC(6) Using 2 workers of 2 for evacuation
[2025-09-12T07:43:37.442+0000][gc,phases   ] GC(6)   Pre Evacuate Collection Set: 0.3ms
[2025-09-12T07:43:37.442+0000][gc,phases   ] GC(6)   Merge Heap Roots: 0.1ms
[2025-09-12T07:43:37.442+0000][gc,phases   ] GC(6)   Evacuate Collection Set: 8.0ms
[2025-09-12T07:43:37.442+0000][gc,phases   ] GC(6)   Post Evacuate Collection Set: 1.1ms
[2025-09-12T07:43:37.442+0000][gc,phases   ] GC(6)   Other: 0.9ms
[2025-09-12T07:43:37.442+0000][gc,heap     ] GC(6) Eden regions: 50->0(46)
[2025-09-12T07:43:37.442+0000][gc,heap     ] GC(6) Survivor regions: 1->5(7)
[2025-09-12T07:43:37.442+0000][gc,heap     ] GC(6) Old regions: 13->13
[2025-09-12T07:43:37.442+0000][gc,heap     ] GC(6) Archive regions: 2->2
[2025-09-12T07:43:37.442+0000][gc,heap     ] GC(6) Humongous regions: 129->129
[2025-09-12T07:43:37.442+0000][gc,metaspace] GC(6) Metaspace: 40562K(41152K)->40562K(41152K) NonClass: 35754K(36096K)->35754K(36096K) Class: 4808K(5056K)->4808K(5056K)
[2025-09-12T07:43:37.442+0000][gc          ] GC(6) Pause Young (Normal) (G1 Evacuation Pause) 193M->147M(1024M) 10.421ms
[2025-09-12T07:43:37.442+0000][gc,cpu      ] GC(6) User=0.02s Sys=0.00s Real=0.01s
[2025-09-12T08:13:29.215+0000][gc,heap,exit] Heap
[2025-09-12T08:13:29.220+0000][gc,heap,exit]  garbage-first heap   total 1048576K, used 169884K [0x00000000c0000000, 0x0000000100000000)
[2025-09-12T08:13:29.220+0000][gc,heap,exit]   region size 1024K, 24 young (24576K), 5 survivors (5120K)
[2025-09-12T08:13:29.220+0000][gc,heap,exit]  Metaspace       used 41348K, committed 41920K, reserved 1114112K
[2025-09-12T08:13:29.220+0000][gc,heap,exit]   class space    used 4969K, committed 5184K, reserved 1048576K
