[2025-09-16T06:43:16.242+0000][gc] Using G1
[2025-09-16T06:43:16.251+0000][gc,init] Version: 17.0.16+8-Ubuntu-0ubuntu124.04.1 (release)
[2025-09-16T06:43:16.251+0000][gc,init] CPUs: 4 total, 4 available
[2025-09-16T06:43:16.251+0000][gc,init] Memory: 15944M
[2025-09-16T06:43:16.251+0000][gc,init] Large Page Support: Disabled
[2025-09-16T06:43:16.251+0000][gc,init] NUMA Support: Disabled
[2025-09-16T06:43:16.251+0000][gc,init] Compressed Oops: Enabled (32-bit)
[2025-09-16T06:43:16.251+0000][gc,init] Heap Region Size: 1M
[2025-09-16T06:43:16.251+0000][gc,init] Heap Min Capacity: 1G
[2025-09-16T06:43:16.251+0000][gc,init] Heap Initial Capacity: 1G
[2025-09-16T06:43:16.251+0000][gc,init] Heap Max Capacity: 1G
[2025-09-16T06:43:16.251+0000][gc,init] Pre-touch: Disabled
[2025-09-16T06:43:16.251+0000][gc,init] Parallel Workers: 4
[2025-09-16T06:43:16.251+0000][gc,init] Concurrent Workers: 1
[2025-09-16T06:43:16.251+0000][gc,init] Concurrent Refinement Workers: 4
[2025-09-16T06:43:16.251+0000][gc,init] Periodic GC: Disabled
[2025-09-16T06:43:16.259+0000][gc,metaspace] CDS archive(s) mapped at: [0x00007e22bf000000-0x00007e22bfbca000-0x00007e22bfbca000), size 12361728, SharedBaseAddress: 0x00007e22bf000000, ArchiveRelocationMode: 1.
[2025-09-16T06:43:16.259+0000][gc,metaspace] Compressed class space mapped at: 0x00007e22c0000000-0x00007e2300000000, reserved size: 1073741824
[2025-09-16T06:43:16.259+0000][gc,metaspace] Narrow klass base: 0x00007e22bf000000, Narrow klass shift: 0, Narrow klass range: 0x100000000
[2025-09-16T06:43:21.240+0000][gc,start    ] GC(0) Pause Young (Normal) (G1 Evacuation Pause)
[2025-09-16T06:43:21.240+0000][gc,task     ] GC(0) Using 4 workers of 4 for evacuation
[2025-09-16T06:43:21.246+0000][gc,phases   ] GC(0)   Pre Evacuate Collection Set: 0.2ms
[2025-09-16T06:43:21.246+0000][gc,phases   ] GC(0)   Merge Heap Roots: 0.1ms
[2025-09-16T06:43:21.246+0000][gc,phases   ] GC(0)   Evacuate Collection Set: 5.4ms
[2025-09-16T06:43:21.246+0000][gc,phases   ] GC(0)   Post Evacuate Collection Set: 0.5ms
[2025-09-16T06:43:21.246+0000][gc,phases   ] GC(0)   Other: 0.5ms
[2025-09-16T06:43:21.246+0000][gc,heap     ] GC(0) Eden regions: 51->0(44)
[2025-09-16T06:43:21.246+0000][gc,heap     ] GC(0) Survivor regions: 0->7(7)
[2025-09-16T06:43:21.246+0000][gc,heap     ] GC(0) Old regions: 0->1
[2025-09-16T06:43:21.246+0000][gc,heap     ] GC(0) Archive regions: 2->2
[2025-09-16T06:43:21.246+0000][gc,heap     ] GC(0) Humongous regions: 0->0
[2025-09-16T06:43:21.246+0000][gc,metaspace] GC(0) Metaspace: 18436K(18688K)->18436K(18688K) NonClass: 16251K(16384K)->16251K(16384K) Class: 2185K(2304K)->2185K(2304K)
[2025-09-16T06:43:21.246+0000][gc          ] GC(0) Pause Young (Normal) (G1 Evacuation Pause) 51M->8M(1024M) 6.770ms
[2025-09-16T06:43:21.246+0000][gc,cpu      ] GC(0) User=0.02s Sys=0.01s Real=0.00s
[2025-09-16T06:43:22.120+0000][gc,start    ] GC(1) Pause Young (Concurrent Start) (Metadata GC Threshold)
[2025-09-16T06:43:22.120+0000][gc,task     ] GC(1) Using 4 workers of 4 for evacuation
[2025-09-16T06:43:22.126+0000][gc,phases   ] GC(1)   Pre Evacuate Collection Set: 0.2ms
[2025-09-16T06:43:22.126+0000][gc,phases   ] GC(1)   Merge Heap Roots: 0.1ms
[2025-09-16T06:43:22.126+0000][gc,phases   ] GC(1)   Evacuate Collection Set: 5.7ms
[2025-09-16T06:43:22.126+0000][gc,phases   ] GC(1)   Post Evacuate Collection Set: 0.4ms
[2025-09-16T06:43:22.126+0000][gc,phases   ] GC(1)   Other: 0.2ms
[2025-09-16T06:43:22.126+0000][gc,heap     ] GC(1) Eden regions: 13->0(49)
[2025-09-16T06:43:22.126+0000][gc,heap     ] GC(1) Survivor regions: 7->2(7)
[2025-09-16T06:43:22.126+0000][gc,heap     ] GC(1) Old regions: 1->8
[2025-09-16T06:43:22.126+0000][gc,heap     ] GC(1) Archive regions: 2->2
[2025-09-16T06:43:22.126+0000][gc,heap     ] GC(1) Humongous regions: 129->129
[2025-09-16T06:43:22.126+0000][gc,metaspace] GC(1) Metaspace: 21306K(21504K)->21306K(21504K) NonClass: 18740K(18816K)->18740K(18816K) Class: 2565K(2688K)->2565K(2688K)
[2025-09-16T06:43:22.126+0000][gc          ] GC(1) Pause Young (Concurrent Start) (Metadata GC Threshold) 149M->138M(1024M) 6.622ms
[2025-09-16T06:43:22.126+0000][gc,cpu      ] GC(1) User=0.01s Sys=0.01s Real=0.00s
[2025-09-16T06:43:22.126+0000][gc          ] GC(2) Concurrent Mark Cycle
[2025-09-16T06:43:22.126+0000][gc,marking  ] GC(2) Concurrent Clear Claimed Marks
[2025-09-16T06:43:22.126+0000][gc,marking  ] GC(2) Concurrent Clear Claimed Marks 0.016ms
[2025-09-16T06:43:22.126+0000][gc,marking  ] GC(2) Concurrent Scan Root Regions
[2025-09-16T06:43:22.130+0000][gc,marking  ] GC(2) Concurrent Scan Root Regions 3.479ms
[2025-09-16T06:43:22.130+0000][gc,marking  ] GC(2) Concurrent Mark
[2025-09-16T06:43:22.130+0000][gc,marking  ] GC(2) Concurrent Mark From Roots
[2025-09-16T06:43:22.130+0000][gc,task     ] GC(2) Using 1 workers of 1 for marking
[2025-09-16T06:43:22.132+0000][gc,marking  ] GC(2) Concurrent Mark From Roots 1.988ms
[2025-09-16T06:43:22.132+0000][gc,marking  ] GC(2) Concurrent Preclean
[2025-09-16T06:43:22.132+0000][gc,marking  ] GC(2) Concurrent Preclean 0.044ms
[2025-09-16T06:43:22.132+0000][gc,start    ] GC(2) Pause Remark
[2025-09-16T06:43:22.134+0000][gc          ] GC(2) Pause Remark 139M->139M(1024M) 1.809ms
[2025-09-16T06:43:22.134+0000][gc,cpu      ] GC(2) User=0.01s Sys=0.00s Real=0.00s
[2025-09-16T06:43:22.134+0000][gc,marking  ] GC(2) Concurrent Mark 3.946ms
[2025-09-16T06:43:22.134+0000][gc,marking  ] GC(2) Concurrent Rebuild Remembered Sets
[2025-09-16T06:43:22.138+0000][gc,marking  ] GC(2) Concurrent Rebuild Remembered Sets 3.968ms
[2025-09-16T06:43:22.138+0000][gc,start    ] GC(2) Pause Cleanup
[2025-09-16T06:43:22.138+0000][gc          ] GC(2) Pause Cleanup 139M->139M(1024M) 0.156ms
[2025-09-16T06:43:22.138+0000][gc,cpu      ] GC(2) User=0.00s Sys=0.00s Real=0.00s
[2025-09-16T06:43:22.138+0000][gc,marking  ] GC(2) Concurrent Cleanup for Next Mark
[2025-09-16T06:43:22.142+0000][gc,marking  ] GC(2) Concurrent Cleanup for Next Mark 4.415ms
[2025-09-16T06:43:22.142+0000][gc          ] GC(2) Concurrent Mark Cycle 16.263ms
[2025-09-16T06:43:23.902+0000][gc,start    ] GC(3) Pause Young (Normal) (G1 Evacuation Pause)
[2025-09-16T06:43:23.902+0000][gc,task     ] GC(3) Using 4 workers of 4 for evacuation
[2025-09-16T06:43:23.909+0000][gc,phases   ] GC(3)   Pre Evacuate Collection Set: 0.2ms
[2025-09-16T06:43:23.909+0000][gc,phases   ] GC(3)   Merge Heap Roots: 0.1ms
[2025-09-16T06:43:23.909+0000][gc,phases   ] GC(3)   Evacuate Collection Set: 5.4ms
[2025-09-16T06:43:23.909+0000][gc,phases   ] GC(3)   Post Evacuate Collection Set: 0.6ms
[2025-09-16T06:43:23.909+0000][gc,phases   ] GC(3)   Other: 0.1ms
[2025-09-16T06:43:23.909+0000][gc,heap     ] GC(3) Eden regions: 49->0(45)
[2025-09-16T06:43:23.909+0000][gc,heap     ] GC(3) Survivor regions: 2->6(7)
[2025-09-16T06:43:23.909+0000][gc,heap     ] GC(3) Old regions: 8->8
[2025-09-16T06:43:23.909+0000][gc,heap     ] GC(3) Archive regions: 2->2
[2025-09-16T06:43:23.909+0000][gc,heap     ] GC(3) Humongous regions: 129->129
[2025-09-16T06:43:23.909+0000][gc,metaspace] GC(3) Metaspace: 32503K(32768K)->32503K(32768K) NonClass: 28852K(28992K)->28852K(28992K) Class: 3650K(3776K)->3650K(3776K)
[2025-09-16T06:43:23.909+0000][gc          ] GC(3) Pause Young (Normal) (G1 Evacuation Pause) 187M->142M(1024M) 6.466ms
[2025-09-16T06:43:23.909+0000][gc,cpu      ] GC(3) User=0.03s Sys=0.00s Real=0.00s
[2025-09-16T06:43:26.028+0000][gc,start    ] GC(4) Pause Young (Concurrent Start) (Metadata GC Threshold)
[2025-09-16T06:43:26.028+0000][gc,task     ] GC(4) Using 4 workers of 4 for evacuation
[2025-09-16T06:43:26.034+0000][gc,phases   ] GC(4)   Pre Evacuate Collection Set: 0.2ms
[2025-09-16T06:43:26.034+0000][gc,phases   ] GC(4)   Merge Heap Roots: 0.1ms
[2025-09-16T06:43:26.034+0000][gc,phases   ] GC(4)   Evacuate Collection Set: 5.2ms
[2025-09-16T06:43:26.034+0000][gc,phases   ] GC(4)   Post Evacuate Collection Set: 0.5ms
[2025-09-16T06:43:26.034+0000][gc,phases   ] GC(4)   Other: 0.2ms
[2025-09-16T06:43:26.034+0000][gc,heap     ] GC(4) Eden regions: 16->0(49)
[2025-09-16T06:43:26.034+0000][gc,heap     ] GC(4) Survivor regions: 6->2(7)
[2025-09-16T06:43:26.034+0000][gc,heap     ] GC(4) Old regions: 8->13
[2025-09-16T06:43:26.034+0000][gc,heap     ] GC(4) Archive regions: 2->2
[2025-09-16T06:43:26.034+0000][gc,heap     ] GC(4) Humongous regions: 129->129
[2025-09-16T06:43:26.034+0000][gc,metaspace] GC(4) Metaspace: 35599K(35968K)->35599K(35968K) NonClass: 31446K(31616K)->31446K(31616K) Class: 4152K(4352K)->4152K(4352K)
[2025-09-16T06:43:26.034+0000][gc          ] GC(4) Pause Young (Concurrent Start) (Metadata GC Threshold) 157M->143M(1024M) 6.273ms
[2025-09-16T06:43:26.034+0000][gc,cpu      ] GC(4) User=0.01s Sys=0.01s Real=0.01s
[2025-09-16T06:43:26.034+0000][gc          ] GC(5) Concurrent Mark Cycle
[2025-09-16T06:43:26.034+0000][gc,marking  ] GC(5) Concurrent Clear Claimed Marks
[2025-09-16T06:43:26.034+0000][gc,marking  ] GC(5) Concurrent Clear Claimed Marks 0.027ms
[2025-09-16T06:43:26.034+0000][gc,marking  ] GC(5) Concurrent Scan Root Regions
[2025-09-16T06:43:26.038+0000][gc,marking  ] GC(5) Concurrent Scan Root Regions 4.292ms
[2025-09-16T06:43:26.038+0000][gc,marking  ] GC(5) Concurrent Mark
[2025-09-16T06:43:26.038+0000][gc,marking  ] GC(5) Concurrent Mark From Roots
[2025-09-16T06:43:26.038+0000][gc,task     ] GC(5) Using 1 workers of 1 for marking
[2025-09-16T06:43:26.048+0000][gc,marking  ] GC(5) Concurrent Mark From Roots 10.069ms
[2025-09-16T06:43:26.048+0000][gc,marking  ] GC(5) Concurrent Preclean
[2025-09-16T06:43:26.049+0000][gc,marking  ] GC(5) Concurrent Preclean 0.082ms
[2025-09-16T06:43:26.049+0000][gc,start    ] GC(5) Pause Remark
[2025-09-16T06:43:26.051+0000][gc          ] GC(5) Pause Remark 144M->144M(1024M) 1.911ms
[2025-09-16T06:43:26.051+0000][gc,cpu      ] GC(5) User=0.00s Sys=0.00s Real=0.01s
[2025-09-16T06:43:26.051+0000][gc,marking  ] GC(5) Concurrent Mark 12.218ms
[2025-09-16T06:43:26.051+0000][gc,marking  ] GC(5) Concurrent Rebuild Remembered Sets
[2025-09-16T06:43:26.060+0000][gc,marking  ] GC(5) Concurrent Rebuild Remembered Sets 9.281ms
[2025-09-16T06:43:26.060+0000][gc,start    ] GC(5) Pause Cleanup
[2025-09-16T06:43:26.061+0000][gc          ] GC(5) Pause Cleanup 145M->145M(1024M) 0.197ms
[2025-09-16T06:43:26.061+0000][gc,cpu      ] GC(5) User=0.00s Sys=0.00s Real=0.00s
[2025-09-16T06:43:26.061+0000][gc,marking  ] GC(5) Concurrent Cleanup for Next Mark
[2025-09-16T06:43:26.074+0000][gc,marking  ] GC(5) Concurrent Cleanup for Next Mark 12.911ms
[2025-09-16T06:43:26.074+0000][gc          ] GC(5) Concurrent Mark Cycle 39.515ms
[2025-09-16T06:48:06.169+0000][gc,start    ] GC(6) Pause Young (Normal) (G1 Evacuation Pause)
[2025-09-16T06:48:06.169+0000][gc,task     ] GC(6) Using 4 workers of 4 for evacuation
[2025-09-16T06:48:06.180+0000][gc,phases   ] GC(6)   Pre Evacuate Collection Set: 0.4ms
[2025-09-16T06:48:06.180+0000][gc,phases   ] GC(6)   Merge Heap Roots: 0.1ms
[2025-09-16T06:48:06.180+0000][gc,phases   ] GC(6)   Evacuate Collection Set: 8.9ms
[2025-09-16T06:48:06.180+0000][gc,phases   ] GC(6)   Post Evacuate Collection Set: 0.9ms
[2025-09-16T06:48:06.180+0000][gc,phases   ] GC(6)   Other: 0.1ms
[2025-09-16T06:48:06.180+0000][gc,heap     ] GC(6) Eden regions: 49->0(47)
[2025-09-16T06:48:06.180+0000][gc,heap     ] GC(6) Survivor regions: 2->4(7)
[2025-09-16T06:48:06.180+0000][gc,heap     ] GC(6) Old regions: 13->13
[2025-09-16T06:48:06.180+0000][gc,heap     ] GC(6) Archive regions: 2->2
[2025-09-16T06:48:06.180+0000][gc,heap     ] GC(6) Humongous regions: 129->129
[2025-09-16T06:48:06.180+0000][gc,metaspace] GC(6) Metaspace: 40870K(41344K)->40870K(41344K) NonClass: 36019K(36288K)->36019K(36288K) Class: 4851K(5056K)->4851K(5056K)
[2025-09-16T06:48:06.180+0000][gc          ] GC(6) Pause Young (Normal) (G1 Evacuation Pause) 192M->146M(1024M) 10.589ms
[2025-09-16T06:48:06.180+0000][gc,cpu      ] GC(6) User=0.02s Sys=0.00s Real=0.01s
[2025-09-16T06:59:51.170+0000][gc,start    ] GC(7) Pause Young (Normal) (G1 Evacuation Pause)
[2025-09-16T06:59:51.170+0000][gc,task     ] GC(7) Using 4 workers of 4 for evacuation
[2025-09-16T06:59:51.175+0000][gc,phases   ] GC(7)   Pre Evacuate Collection Set: 0.1ms
[2025-09-16T06:59:51.175+0000][gc,phases   ] GC(7)   Merge Heap Roots: 0.1ms
[2025-09-16T06:59:51.176+0000][gc,phases   ] GC(7)   Evacuate Collection Set: 4.9ms
[2025-09-16T06:59:51.176+0000][gc,phases   ] GC(7)   Post Evacuate Collection Set: 0.6ms
[2025-09-16T06:59:51.176+0000][gc,phases   ] GC(7)   Other: 0.2ms
[2025-09-16T06:59:51.176+0000][gc,heap     ] GC(7) Eden regions: 47->0(46)
[2025-09-16T06:59:51.176+0000][gc,heap     ] GC(7) Survivor regions: 4->5(7)
[2025-09-16T06:59:51.176+0000][gc,heap     ] GC(7) Old regions: 13->14
[2025-09-16T06:59:51.176+0000][gc,heap     ] GC(7) Archive regions: 2->2
[2025-09-16T06:59:51.176+0000][gc,heap     ] GC(7) Humongous regions: 129->129
[2025-09-16T06:59:51.176+0000][gc,metaspace] GC(7) Metaspace: 41341K(41856K)->41341K(41856K) NonClass: 36452K(36736K)->36452K(36736K) Class: 4889K(5120K)->4889K(5120K)
[2025-09-16T06:59:51.176+0000][gc          ] GC(7) Pause Young (Normal) (G1 Evacuation Pause) 193M->148M(1024M) 5.953ms
[2025-09-16T06:59:51.176+0000][gc,cpu      ] GC(7) User=0.02s Sys=0.00s Real=0.00s
[2025-09-16T07:12:52.836+0000][gc,start    ] GC(8) Pause Young (Normal) (G1 Evacuation Pause)
[2025-09-16T07:12:52.836+0000][gc,task     ] GC(8) Using 4 workers of 4 for evacuation
[2025-09-16T07:12:52.853+0000][gc,phases   ] GC(8)   Pre Evacuate Collection Set: 0.4ms
[2025-09-16T07:12:52.853+0000][gc,phases   ] GC(8)   Merge Heap Roots: 0.1ms
[2025-09-16T07:12:52.853+0000][gc,phases   ] GC(8)   Evacuate Collection Set: 15.9ms
[2025-09-16T07:12:52.853+0000][gc,phases   ] GC(8)   Post Evacuate Collection Set: 0.6ms
[2025-09-16T07:12:52.853+0000][gc,phases   ] GC(8)   Other: 0.1ms
[2025-09-16T07:12:52.853+0000][gc,heap     ] GC(8) Eden regions: 46->0(48)
[2025-09-16T07:12:52.853+0000][gc,heap     ] GC(8) Survivor regions: 5->3(7)
[2025-09-16T07:12:52.853+0000][gc,heap     ] GC(8) Old regions: 14->17
[2025-09-16T07:12:52.853+0000][gc,heap     ] GC(8) Archive regions: 2->2
[2025-09-16T07:12:52.853+0000][gc,heap     ] GC(8) Humongous regions: 129->129
[2025-09-16T07:12:52.853+0000][gc,metaspace] GC(8) Metaspace: 41515K(42048K)->41515K(42048K) NonClass: 36620K(36928K)->36620K(36928K) Class: 4895K(5120K)->4895K(5120K)
[2025-09-16T07:12:52.853+0000][gc          ] GC(8) Pause Young (Normal) (G1 Evacuation Pause) 194M->148M(1024M) 17.145ms
[2025-09-16T07:12:52.853+0000][gc,cpu      ] GC(8) User=0.02s Sys=0.00s Real=0.02s
