[2025-09-17T05:52:04.467+0000][gc] Using G1
[2025-09-17T05:52:04.476+0000][gc,init] Version: 17.0.16+8-Ubuntu-0ubuntu124.04.1 (release)
[2025-09-17T05:52:04.476+0000][gc,init] CPUs: 4 total, 4 available
[2025-09-17T05:52:04.476+0000][gc,init] Memory: 15944M
[2025-09-17T05:52:04.476+0000][gc,init] Large Page Support: Disabled
[2025-09-17T05:52:04.476+0000][gc,init] NUMA Support: Disabled
[2025-09-17T05:52:04.476+0000][gc,init] Compressed Oops: Enabled (32-bit)
[2025-09-17T05:52:04.476+0000][gc,init] Heap Region Size: 1M
[2025-09-17T05:52:04.476+0000][gc,init] Heap Min Capacity: 1G
[2025-09-17T05:52:04.476+0000][gc,init] Heap Initial Capacity: 1G
[2025-09-17T05:52:04.476+0000][gc,init] Heap Max Capacity: 1G
[2025-09-17T05:52:04.476+0000][gc,init] Pre-touch: Disabled
[2025-09-17T05:52:04.476+0000][gc,init] Parallel Workers: 4
[2025-09-17T05:52:04.476+0000][gc,init] Concurrent Workers: 1
[2025-09-17T05:52:04.476+0000][gc,init] Concurrent Refinement Workers: 4
[2025-09-17T05:52:04.476+0000][gc,init] Periodic GC: Disabled
[2025-09-17T05:52:04.484+0000][gc,metaspace] CDS archive(s) mapped at: [0x00007f24cf000000-0x00007f24cfbca000-0x00007f24cfbca000), size 12361728, SharedBaseAddress: 0x00007f24cf000000, ArchiveRelocationMode: 1.
[2025-09-17T05:52:04.484+0000][gc,metaspace] Compressed class space mapped at: 0x00007f24d0000000-0x00007f2510000000, reserved size: 1073741824
[2025-09-17T05:52:04.484+0000][gc,metaspace] Narrow klass base: 0x00007f24cf000000, Narrow klass shift: 0, Narrow klass range: 0x100000000
[2025-09-17T05:52:09.982+0000][gc,start    ] GC(0) Pause Young (Normal) (G1 Evacuation Pause)
[2025-09-17T05:52:09.983+0000][gc,task     ] GC(0) Using 4 workers of 4 for evacuation
[2025-09-17T05:52:09.989+0000][gc,phases   ] GC(0)   Pre Evacuate Collection Set: 0.2ms
[2025-09-17T05:52:09.989+0000][gc,phases   ] GC(0)   Merge Heap Roots: 0.1ms
[2025-09-17T05:52:09.989+0000][gc,phases   ] GC(0)   Evacuate Collection Set: 6.0ms
[2025-09-17T05:52:09.989+0000][gc,phases   ] GC(0)   Post Evacuate Collection Set: 0.5ms
[2025-09-17T05:52:09.989+0000][gc,phases   ] GC(0)   Other: 0.6ms
[2025-09-17T05:52:09.989+0000][gc,heap     ] GC(0) Eden regions: 51->0(44)
[2025-09-17T05:52:09.989+0000][gc,heap     ] GC(0) Survivor regions: 0->7(7)
[2025-09-17T05:52:09.989+0000][gc,heap     ] GC(0) Old regions: 0->1
[2025-09-17T05:52:09.989+0000][gc,heap     ] GC(0) Archive regions: 2->2
[2025-09-17T05:52:09.989+0000][gc,heap     ] GC(0) Humongous regions: 0->0
[2025-09-17T05:52:09.989+0000][gc,metaspace] GC(0) Metaspace: 18446K(18688K)->18446K(18688K) NonClass: 16262K(16384K)->16262K(16384K) Class: 2184K(2304K)->2184K(2304K)
[2025-09-17T05:52:09.989+0000][gc          ] GC(0) Pause Young (Normal) (G1 Evacuation Pause) 51M->8M(1024M) 7.400ms
[2025-09-17T05:52:09.989+0000][gc,cpu      ] GC(0) User=0.02s Sys=0.01s Real=0.01s
[2025-09-17T05:52:11.593+0000][gc,start    ] GC(1) Pause Young (Concurrent Start) (Metadata GC Threshold)
[2025-09-17T05:52:11.593+0000][gc,task     ] GC(1) Using 4 workers of 4 for evacuation
[2025-09-17T05:52:11.600+0000][gc,phases   ] GC(1)   Pre Evacuate Collection Set: 0.1ms
[2025-09-17T05:52:11.600+0000][gc,phases   ] GC(1)   Merge Heap Roots: 0.1ms
[2025-09-17T05:52:11.600+0000][gc,phases   ] GC(1)   Evacuate Collection Set: 6.0ms
[2025-09-17T05:52:11.600+0000][gc,phases   ] GC(1)   Post Evacuate Collection Set: 0.5ms
[2025-09-17T05:52:11.600+0000][gc,phases   ] GC(1)   Other: 0.2ms
[2025-09-17T05:52:11.600+0000][gc,heap     ] GC(1) Eden regions: 13->0(49)
[2025-09-17T05:52:11.600+0000][gc,heap     ] GC(1) Survivor regions: 7->2(7)
[2025-09-17T05:52:11.600+0000][gc,heap     ] GC(1) Old regions: 1->8
[2025-09-17T05:52:11.600+0000][gc,heap     ] GC(1) Archive regions: 2->2
[2025-09-17T05:52:11.600+0000][gc,heap     ] GC(1) Humongous regions: 129->129
[2025-09-17T05:52:11.600+0000][gc,metaspace] GC(1) Metaspace: 21300K(21504K)->21300K(21504K) NonClass: 18734K(18816K)->18734K(18816K) Class: 2565K(2688K)->2565K(2688K)
[2025-09-17T05:52:11.600+0000][gc          ] GC(1) Pause Young (Concurrent Start) (Metadata GC Threshold) 149M->138M(1024M) 7.027ms
[2025-09-17T05:52:11.600+0000][gc,cpu      ] GC(1) User=0.02s Sys=0.00s Real=0.01s
[2025-09-17T05:52:11.600+0000][gc          ] GC(2) Concurrent Mark Cycle
[2025-09-17T05:52:11.600+0000][gc,marking  ] GC(2) Concurrent Clear Claimed Marks
[2025-09-17T05:52:11.600+0000][gc,marking  ] GC(2) Concurrent Clear Claimed Marks 0.014ms
[2025-09-17T05:52:11.600+0000][gc,marking  ] GC(2) Concurrent Scan Root Regions
[2025-09-17T05:52:11.604+0000][gc,marking  ] GC(2) Concurrent Scan Root Regions 3.498ms
[2025-09-17T05:52:11.604+0000][gc,marking  ] GC(2) Concurrent Mark
[2025-09-17T05:52:11.604+0000][gc,marking  ] GC(2) Concurrent Mark From Roots
[2025-09-17T05:52:11.604+0000][gc,task     ] GC(2) Using 1 workers of 1 for marking
[2025-09-17T05:52:11.606+0000][gc,marking  ] GC(2) Concurrent Mark From Roots 2.022ms
[2025-09-17T05:52:11.606+0000][gc,marking  ] GC(2) Concurrent Preclean
[2025-09-17T05:52:11.606+0000][gc,marking  ] GC(2) Concurrent Preclean 0.046ms
[2025-09-17T05:52:11.606+0000][gc,start    ] GC(2) Pause Remark
[2025-09-17T05:52:11.608+0000][gc          ] GC(2) Pause Remark 139M->139M(1024M) 1.818ms
[2025-09-17T05:52:11.608+0000][gc,cpu      ] GC(2) User=0.00s Sys=0.00s Real=0.01s
[2025-09-17T05:52:11.608+0000][gc,marking  ] GC(2) Concurrent Mark 4.087ms
[2025-09-17T05:52:11.608+0000][gc,marking  ] GC(2) Concurrent Rebuild Remembered Sets
[2025-09-17T05:52:11.612+0000][gc,marking  ] GC(2) Concurrent Rebuild Remembered Sets 3.902ms
[2025-09-17T05:52:11.612+0000][gc,start    ] GC(2) Pause Cleanup
[2025-09-17T05:52:11.612+0000][gc          ] GC(2) Pause Cleanup 139M->139M(1024M) 0.145ms
[2025-09-17T05:52:11.612+0000][gc,cpu      ] GC(2) User=0.00s Sys=0.00s Real=0.00s
[2025-09-17T05:52:11.612+0000][gc,marking  ] GC(2) Concurrent Cleanup for Next Mark
[2025-09-17T05:52:11.617+0000][gc,marking  ] GC(2) Concurrent Cleanup for Next Mark 4.453ms
[2025-09-17T05:52:11.617+0000][gc          ] GC(2) Concurrent Mark Cycle 16.525ms
[2025-09-17T05:52:13.921+0000][gc,start    ] GC(3) Pause Young (Normal) (G1 Evacuation Pause)
[2025-09-17T05:52:13.921+0000][gc,task     ] GC(3) Using 4 workers of 4 for evacuation
[2025-09-17T05:52:13.929+0000][gc,phases   ] GC(3)   Pre Evacuate Collection Set: 0.2ms
[2025-09-17T05:52:13.929+0000][gc,phases   ] GC(3)   Merge Heap Roots: 0.1ms
[2025-09-17T05:52:13.929+0000][gc,phases   ] GC(3)   Evacuate Collection Set: 7.0ms
[2025-09-17T05:52:13.929+0000][gc,phases   ] GC(3)   Post Evacuate Collection Set: 0.4ms
[2025-09-17T05:52:13.929+0000][gc,phases   ] GC(3)   Other: 0.1ms
[2025-09-17T05:52:13.929+0000][gc,heap     ] GC(3) Eden regions: 49->0(45)
[2025-09-17T05:52:13.929+0000][gc,heap     ] GC(3) Survivor regions: 2->6(7)
[2025-09-17T05:52:13.929+0000][gc,heap     ] GC(3) Old regions: 8->8
[2025-09-17T05:52:13.929+0000][gc,heap     ] GC(3) Archive regions: 2->2
[2025-09-17T05:52:13.929+0000][gc,heap     ] GC(3) Humongous regions: 129->129
[2025-09-17T05:52:13.929+0000][gc,metaspace] GC(3) Metaspace: 32478K(32704K)->32478K(32704K) NonClass: 28830K(28992K)->28830K(28992K) Class: 3648K(3712K)->3648K(3712K)
[2025-09-17T05:52:13.929+0000][gc          ] GC(3) Pause Young (Normal) (G1 Evacuation Pause) 187M->142M(1024M) 7.867ms
[2025-09-17T05:52:13.929+0000][gc,cpu      ] GC(3) User=0.03s Sys=0.00s Real=0.01s
[2025-09-17T05:53:07.045+0000][gc,start    ] GC(4) Pause Young (Concurrent Start) (Metadata GC Threshold)
[2025-09-17T05:53:07.045+0000][gc,task     ] GC(4) Using 4 workers of 4 for evacuation
[2025-09-17T05:53:07.052+0000][gc,phases   ] GC(4)   Pre Evacuate Collection Set: 0.2ms
[2025-09-17T05:53:07.052+0000][gc,phases   ] GC(4)   Merge Heap Roots: 0.1ms
[2025-09-17T05:53:07.052+0000][gc,phases   ] GC(4)   Evacuate Collection Set: 5.3ms
[2025-09-17T05:53:07.052+0000][gc,phases   ] GC(4)   Post Evacuate Collection Set: 0.5ms
[2025-09-17T05:53:07.052+0000][gc,phases   ] GC(4)   Other: 0.2ms
[2025-09-17T05:53:07.052+0000][gc,heap     ] GC(4) Eden regions: 16->0(49)
[2025-09-17T05:53:07.052+0000][gc,heap     ] GC(4) Survivor regions: 6->2(7)
[2025-09-17T05:53:07.052+0000][gc,heap     ] GC(4) Old regions: 8->13
[2025-09-17T05:53:07.052+0000][gc,heap     ] GC(4) Archive regions: 2->2
[2025-09-17T05:53:07.052+0000][gc,heap     ] GC(4) Humongous regions: 129->129
[2025-09-17T05:53:07.052+0000][gc,metaspace] GC(4) Metaspace: 35651K(35968K)->35651K(35968K) NonClass: 31444K(31616K)->31444K(31616K) Class: 4207K(4352K)->4207K(4352K)
[2025-09-17T05:53:07.052+0000][gc          ] GC(4) Pause Young (Concurrent Start) (Metadata GC Threshold) 158M->144M(1024M) 6.313ms
[2025-09-17T05:53:07.052+0000][gc,cpu      ] GC(4) User=0.03s Sys=0.00s Real=0.01s
[2025-09-17T05:53:07.052+0000][gc          ] GC(5) Concurrent Mark Cycle
[2025-09-17T05:53:07.052+0000][gc,marking  ] GC(5) Concurrent Clear Claimed Marks
[2025-09-17T05:53:07.052+0000][gc,marking  ] GC(5) Concurrent Clear Claimed Marks 0.029ms
[2025-09-17T05:53:07.052+0000][gc,marking  ] GC(5) Concurrent Scan Root Regions
[2025-09-17T05:53:07.056+0000][gc,marking  ] GC(5) Concurrent Scan Root Regions 4.547ms
[2025-09-17T05:53:07.056+0000][gc,marking  ] GC(5) Concurrent Mark
[2025-09-17T05:53:07.056+0000][gc,marking  ] GC(5) Concurrent Mark From Roots
[2025-09-17T05:53:07.056+0000][gc,task     ] GC(5) Using 1 workers of 1 for marking
[2025-09-17T05:53:07.066+0000][gc,marking  ] GC(5) Concurrent Mark From Roots 9.612ms
[2025-09-17T05:53:07.066+0000][gc,marking  ] GC(5) Concurrent Preclean
[2025-09-17T05:53:07.066+0000][gc,marking  ] GC(5) Concurrent Preclean 0.077ms
[2025-09-17T05:53:07.066+0000][gc,start    ] GC(5) Pause Remark
[2025-09-17T05:53:07.068+0000][gc          ] GC(5) Pause Remark 145M->145M(1024M) 1.818ms
[2025-09-17T05:53:07.068+0000][gc,cpu      ] GC(5) User=0.00s Sys=0.00s Real=0.01s
[2025-09-17T05:53:07.068+0000][gc,marking  ] GC(5) Concurrent Mark 11.740ms
[2025-09-17T05:53:07.068+0000][gc,marking  ] GC(5) Concurrent Rebuild Remembered Sets
[2025-09-17T05:53:07.068+0000][gc,marking  ] GC(5) Concurrent Rebuild Remembered Sets 0.004ms
[2025-09-17T05:53:07.068+0000][gc,start    ] GC(5) Pause Cleanup
[2025-09-17T05:53:07.068+0000][gc          ] GC(5) Pause Cleanup 145M->145M(1024M) 0.007ms
[2025-09-17T05:53:07.068+0000][gc,cpu      ] GC(5) User=0.00s Sys=0.00s Real=0.00s
[2025-09-17T05:53:07.068+0000][gc,marking  ] GC(5) Concurrent Cleanup for Next Mark
[2025-09-17T05:53:07.081+0000][gc,marking  ] GC(5) Concurrent Cleanup for Next Mark 12.988ms
[2025-09-17T05:53:07.081+0000][gc          ] GC(5) Concurrent Mark Cycle 29.537ms
[2025-09-17T05:56:30.667+0000][gc,start    ] GC(6) Pause Young (Normal) (G1 Evacuation Pause)
[2025-09-17T05:56:30.667+0000][gc,task     ] GC(6) Using 4 workers of 4 for evacuation
[2025-09-17T05:56:30.674+0000][gc,phases   ] GC(6)   Pre Evacuate Collection Set: 0.1ms
[2025-09-17T05:56:30.674+0000][gc,phases   ] GC(6)   Merge Heap Roots: 0.1ms
[2025-09-17T05:56:30.674+0000][gc,phases   ] GC(6)   Evacuate Collection Set: 5.8ms
[2025-09-17T05:56:30.674+0000][gc,phases   ] GC(6)   Post Evacuate Collection Set: 0.8ms
[2025-09-17T05:56:30.674+0000][gc,phases   ] GC(6)   Other: 0.1ms
[2025-09-17T05:56:30.674+0000][gc,heap     ] GC(6) Eden regions: 49->0(47)
[2025-09-17T05:56:30.674+0000][gc,heap     ] GC(6) Survivor regions: 2->4(7)
[2025-09-17T05:56:30.674+0000][gc,heap     ] GC(6) Old regions: 13->13
[2025-09-17T05:56:30.674+0000][gc,heap     ] GC(6) Archive regions: 2->2
[2025-09-17T05:56:30.674+0000][gc,heap     ] GC(6) Humongous regions: 129->129
[2025-09-17T05:56:30.674+0000][gc,metaspace] GC(6) Metaspace: 40796K(41344K)->40796K(41344K) NonClass: 35861K(36160K)->35861K(36160K) Class: 4934K(5184K)->4934K(5184K)
[2025-09-17T05:56:30.674+0000][gc          ] GC(6) Pause Young (Normal) (G1 Evacuation Pause) 193M->146M(1024M) 7.022ms
[2025-09-17T05:56:30.674+0000][gc,cpu      ] GC(6) User=0.02s Sys=0.00s Real=0.00s
[2025-09-17T05:56:34.301+0000][gc,heap,exit] Heap
[2025-09-17T05:56:34.301+0000][gc,heap,exit]  garbage-first heap   total 1048576K, used 155631K [0x00000000c0000000, 0x0000000100000000)
[2025-09-17T05:56:34.301+0000][gc,heap,exit]   region size 1024K, 10 young (10240K), 4 survivors (4096K)
[2025-09-17T05:56:34.301+0000][gc,heap,exit]  Metaspace       used 41064K, committed 41536K, reserved 1114112K
[2025-09-17T05:56:34.301+0000][gc,heap,exit]   class space    used 4991K, committed 5184K, reserved 1048576K
