[2025-09-17T05:57:55.029+0000][gc] Using G1
[2025-09-17T05:57:55.037+0000][gc,init] Version: 17.0.16+8-Ubuntu-0ubuntu124.04.1 (release)
[2025-09-17T05:57:55.037+0000][gc,init] CPUs: 4 total, 4 available
[2025-09-17T05:57:55.037+0000][gc,init] Memory: 15944M
[2025-09-17T05:57:55.037+0000][gc,init] Large Page Support: Disabled
[2025-09-17T05:57:55.037+0000][gc,init] NUMA Support: Disabled
[2025-09-17T05:57:55.037+0000][gc,init] Compressed Oops: Enabled (32-bit)
[2025-09-17T05:57:55.037+0000][gc,init] Heap Region Size: 1M
[2025-09-17T05:57:55.038+0000][gc,init] Heap Min Capacity: 1G
[2025-09-17T05:57:55.038+0000][gc,init] Heap Initial Capacity: 1G
[2025-09-17T05:57:55.038+0000][gc,init] Heap Max Capacity: 1G
[2025-09-17T05:57:55.038+0000][gc,init] Pre-touch: Disabled
[2025-09-17T05:57:55.038+0000][gc,init] Parallel Workers: 4
[2025-09-17T05:57:55.038+0000][gc,init] Concurrent Workers: 1
[2025-09-17T05:57:55.038+0000][gc,init] Concurrent Refinement Workers: 4
[2025-09-17T05:57:55.038+0000][gc,init] Periodic GC: Disabled
[2025-09-17T05:57:55.046+0000][gc,metaspace] CDS archive(s) mapped at: [0x00007cf36b000000-0x00007cf36bbca000-0x00007cf36bbca000), size 12361728, SharedBaseAddress: 0x00007cf36b000000, ArchiveRelocationMode: 1.
[2025-09-17T05:57:55.046+0000][gc,metaspace] Compressed class space mapped at: 0x00007cf36c000000-0x00007cf3ac000000, reserved size: 1073741824
[2025-09-17T05:57:55.046+0000][gc,metaspace] Narrow klass base: 0x00007cf36b000000, Narrow klass shift: 0, Narrow klass range: 0x100000000
[2025-09-17T05:57:56.002+0000][gc,start    ] GC(0) Pause Young (Normal) (G1 Evacuation Pause)
[2025-09-17T05:57:56.002+0000][gc,task     ] GC(0) Using 4 workers of 4 for evacuation
[2025-09-17T05:57:56.009+0000][gc,phases   ] GC(0)   Pre Evacuate Collection Set: 0.2ms
[2025-09-17T05:57:56.009+0000][gc,phases   ] GC(0)   Merge Heap Roots: 0.1ms
[2025-09-17T05:57:56.009+0000][gc,phases   ] GC(0)   Evacuate Collection Set: 5.9ms
[2025-09-17T05:57:56.009+0000][gc,phases   ] GC(0)   Post Evacuate Collection Set: 0.6ms
[2025-09-17T05:57:56.009+0000][gc,phases   ] GC(0)   Other: 0.4ms
[2025-09-17T05:57:56.009+0000][gc,heap     ] GC(0) Eden regions: 51->0(44)
[2025-09-17T05:57:56.009+0000][gc,heap     ] GC(0) Survivor regions: 0->7(7)
[2025-09-17T05:57:56.009+0000][gc,heap     ] GC(0) Old regions: 0->1
[2025-09-17T05:57:56.009+0000][gc,heap     ] GC(0) Archive regions: 2->2
[2025-09-17T05:57:56.009+0000][gc,heap     ] GC(0) Humongous regions: 0->0
[2025-09-17T05:57:56.009+0000][gc,metaspace] GC(0) Metaspace: 18435K(18688K)->18435K(18688K) NonClass: 16259K(16384K)->16259K(16384K) Class: 2176K(2304K)->2176K(2304K)
[2025-09-17T05:57:56.009+0000][gc          ] GC(0) Pause Young (Normal) (G1 Evacuation Pause) 51M->8M(1024M) 7.220ms
[2025-09-17T05:57:56.009+0000][gc,cpu      ] GC(0) User=0.01s Sys=0.00s Real=0.01s
[2025-09-17T05:57:56.215+0000][gc,start    ] GC(1) Pause Young (Concurrent Start) (Metadata GC Threshold)
[2025-09-17T05:57:56.215+0000][gc,task     ] GC(1) Using 4 workers of 4 for evacuation
[2025-09-17T05:57:56.221+0000][gc,phases   ] GC(1)   Pre Evacuate Collection Set: 0.2ms
[2025-09-17T05:57:56.221+0000][gc,phases   ] GC(1)   Merge Heap Roots: 0.1ms
[2025-09-17T05:57:56.221+0000][gc,phases   ] GC(1)   Evacuate Collection Set: 5.7ms
[2025-09-17T05:57:56.221+0000][gc,phases   ] GC(1)   Post Evacuate Collection Set: 0.4ms
[2025-09-17T05:57:56.221+0000][gc,phases   ] GC(1)   Other: 0.2ms
[2025-09-17T05:57:56.221+0000][gc,heap     ] GC(1) Eden regions: 13->0(49)
[2025-09-17T05:57:56.221+0000][gc,heap     ] GC(1) Survivor regions: 7->2(7)
[2025-09-17T05:57:56.221+0000][gc,heap     ] GC(1) Old regions: 1->8
[2025-09-17T05:57:56.221+0000][gc,heap     ] GC(1) Archive regions: 2->2
[2025-09-17T05:57:56.221+0000][gc,heap     ] GC(1) Humongous regions: 129->129
[2025-09-17T05:57:56.221+0000][gc,metaspace] GC(1) Metaspace: 21263K(21504K)->21263K(21504K) NonClass: 18713K(18816K)->18713K(18816K) Class: 2549K(2688K)->2549K(2688K)
[2025-09-17T05:57:56.221+0000][gc          ] GC(1) Pause Young (Concurrent Start) (Metadata GC Threshold) 149M->138M(1024M) 6.623ms
[2025-09-17T05:57:56.221+0000][gc,cpu      ] GC(1) User=0.00s Sys=0.01s Real=0.01s
[2025-09-17T05:57:56.221+0000][gc          ] GC(2) Concurrent Mark Cycle
[2025-09-17T05:57:56.221+0000][gc,marking  ] GC(2) Concurrent Clear Claimed Marks
[2025-09-17T05:57:56.221+0000][gc,marking  ] GC(2) Concurrent Clear Claimed Marks 0.013ms
[2025-09-17T05:57:56.221+0000][gc,marking  ] GC(2) Concurrent Scan Root Regions
[2025-09-17T05:57:56.225+0000][gc,marking  ] GC(2) Concurrent Scan Root Regions 4.019ms
[2025-09-17T05:57:56.226+0000][gc,marking  ] GC(2) Concurrent Mark
[2025-09-17T05:57:56.226+0000][gc,marking  ] GC(2) Concurrent Mark From Roots
[2025-09-17T05:57:56.226+0000][gc,task     ] GC(2) Using 1 workers of 1 for marking
[2025-09-17T05:57:56.227+0000][gc,marking  ] GC(2) Concurrent Mark From Roots 1.955ms
[2025-09-17T05:57:56.227+0000][gc,marking  ] GC(2) Concurrent Preclean
[2025-09-17T05:57:56.228+0000][gc,marking  ] GC(2) Concurrent Preclean 0.042ms
[2025-09-17T05:57:56.228+0000][gc,start    ] GC(2) Pause Remark
[2025-09-17T05:57:56.229+0000][gc          ] GC(2) Pause Remark 139M->139M(1024M) 1.763ms
[2025-09-17T05:57:56.229+0000][gc,cpu      ] GC(2) User=0.00s Sys=0.00s Real=0.00s
[2025-09-17T05:57:56.229+0000][gc,marking  ] GC(2) Concurrent Mark 3.889ms
[2025-09-17T05:57:56.229+0000][gc,marking  ] GC(2) Concurrent Rebuild Remembered Sets
[2025-09-17T05:57:56.233+0000][gc,marking  ] GC(2) Concurrent Rebuild Remembered Sets 3.854ms
[2025-09-17T05:57:56.233+0000][gc,start    ] GC(2) Pause Cleanup
[2025-09-17T05:57:56.233+0000][gc          ] GC(2) Pause Cleanup 139M->139M(1024M) 0.114ms
[2025-09-17T05:57:56.233+0000][gc,cpu      ] GC(2) User=0.00s Sys=0.00s Real=0.00s
[2025-09-17T05:57:56.233+0000][gc,marking  ] GC(2) Concurrent Cleanup for Next Mark
[2025-09-17T05:57:56.238+0000][gc,marking  ] GC(2) Concurrent Cleanup for Next Mark 4.530ms
[2025-09-17T05:57:56.238+0000][gc          ] GC(2) Concurrent Mark Cycle 16.580ms
[2025-09-17T05:57:56.759+0000][gc,start    ] GC(3) Pause Young (Normal) (G1 Evacuation Pause)
[2025-09-17T05:57:56.759+0000][gc,task     ] GC(3) Using 4 workers of 4 for evacuation
[2025-09-17T05:57:56.766+0000][gc,phases   ] GC(3)   Pre Evacuate Collection Set: 0.2ms
[2025-09-17T05:57:56.766+0000][gc,phases   ] GC(3)   Merge Heap Roots: 0.1ms
[2025-09-17T05:57:56.766+0000][gc,phases   ] GC(3)   Evacuate Collection Set: 7.0ms
[2025-09-17T05:57:56.766+0000][gc,phases   ] GC(3)   Post Evacuate Collection Set: 0.4ms
[2025-09-17T05:57:56.767+0000][gc,phases   ] GC(3)   Other: 0.1ms
[2025-09-17T05:57:56.767+0000][gc,heap     ] GC(3) Eden regions: 49->0(45)
[2025-09-17T05:57:56.767+0000][gc,heap     ] GC(3) Survivor regions: 2->6(7)
[2025-09-17T05:57:56.767+0000][gc,heap     ] GC(3) Old regions: 8->8
[2025-09-17T05:57:56.767+0000][gc,heap     ] GC(3) Archive regions: 2->2
[2025-09-17T05:57:56.767+0000][gc,heap     ] GC(3) Humongous regions: 129->129
[2025-09-17T05:57:56.767+0000][gc,metaspace] GC(3) Metaspace: 32424K(32640K)->32424K(32640K) NonClass: 28788K(28928K)->28788K(28928K) Class: 3636K(3712K)->3636K(3712K)
[2025-09-17T05:57:56.767+0000][gc          ] GC(3) Pause Young (Normal) (G1 Evacuation Pause) 187M->142M(1024M) 7.783ms
[2025-09-17T05:57:56.767+0000][gc,cpu      ] GC(3) User=0.02s Sys=0.00s Real=0.00s
[2025-09-17T05:57:57.253+0000][gc,start    ] GC(4) Pause Young (Concurrent Start) (Metadata GC Threshold)
[2025-09-17T05:57:57.253+0000][gc,task     ] GC(4) Using 4 workers of 4 for evacuation
[2025-09-17T05:57:57.260+0000][gc,phases   ] GC(4)   Pre Evacuate Collection Set: 0.2ms
[2025-09-17T05:57:57.260+0000][gc,phases   ] GC(4)   Merge Heap Roots: 0.1ms
[2025-09-17T05:57:57.260+0000][gc,phases   ] GC(4)   Evacuate Collection Set: 6.4ms
[2025-09-17T05:57:57.260+0000][gc,phases   ] GC(4)   Post Evacuate Collection Set: 0.4ms
[2025-09-17T05:57:57.260+0000][gc,phases   ] GC(4)   Other: 0.2ms
[2025-09-17T05:57:57.260+0000][gc,heap     ] GC(4) Eden regions: 20->0(49)
[2025-09-17T05:57:57.260+0000][gc,heap     ] GC(4) Survivor regions: 6->2(7)
[2025-09-17T05:57:57.260+0000][gc,heap     ] GC(4) Old regions: 8->13
[2025-09-17T05:57:57.260+0000][gc,heap     ] GC(4) Archive regions: 2->2
[2025-09-17T05:57:57.260+0000][gc,heap     ] GC(4) Humongous regions: 129->129
[2025-09-17T05:57:57.260+0000][gc,metaspace] GC(4) Metaspace: 35746K(36160K)->35746K(36160K) NonClass: 31588K(31808K)->31588K(31808K) Class: 4157K(4352K)->4157K(4352K)
[2025-09-17T05:57:57.260+0000][gc          ] GC(4) Pause Young (Concurrent Start) (Metadata GC Threshold) 162M->144M(1024M) 7.374ms
[2025-09-17T05:57:57.260+0000][gc,cpu      ] GC(4) User=0.03s Sys=0.00s Real=0.01s
[2025-09-17T05:57:57.260+0000][gc          ] GC(5) Concurrent Mark Cycle
[2025-09-17T05:57:57.260+0000][gc,marking  ] GC(5) Concurrent Clear Claimed Marks
[2025-09-17T05:57:57.260+0000][gc,marking  ] GC(5) Concurrent Clear Claimed Marks 0.021ms
[2025-09-17T05:57:57.260+0000][gc,marking  ] GC(5) Concurrent Scan Root Regions
[2025-09-17T05:57:57.265+0000][gc,marking  ] GC(5) Concurrent Scan Root Regions 4.523ms
[2025-09-17T05:57:57.265+0000][gc,marking  ] GC(5) Concurrent Mark
[2025-09-17T05:57:57.265+0000][gc,marking  ] GC(5) Concurrent Mark From Roots
[2025-09-17T05:57:57.265+0000][gc,task     ] GC(5) Using 1 workers of 1 for marking
[2025-09-17T05:57:57.275+0000][gc,marking  ] GC(5) Concurrent Mark From Roots 9.841ms
[2025-09-17T05:57:57.275+0000][gc,marking  ] GC(5) Concurrent Preclean
[2025-09-17T05:57:57.275+0000][gc,marking  ] GC(5) Concurrent Preclean 0.079ms
[2025-09-17T05:57:57.275+0000][gc,start    ] GC(5) Pause Remark
[2025-09-17T05:57:57.277+0000][gc          ] GC(5) Pause Remark 145M->145M(1024M) 1.964ms
[2025-09-17T05:57:57.277+0000][gc,cpu      ] GC(5) User=0.01s Sys=0.00s Real=0.00s
[2025-09-17T05:57:57.277+0000][gc,marking  ] GC(5) Concurrent Mark 12.100ms
[2025-09-17T05:57:57.277+0000][gc,marking  ] GC(5) Concurrent Rebuild Remembered Sets
[2025-09-17T05:57:57.277+0000][gc,marking  ] GC(5) Concurrent Rebuild Remembered Sets 0.004ms
[2025-09-17T05:57:57.277+0000][gc,start    ] GC(5) Pause Cleanup
[2025-09-17T05:57:57.277+0000][gc          ] GC(5) Pause Cleanup 145M->145M(1024M) 0.010ms
[2025-09-17T05:57:57.277+0000][gc,cpu      ] GC(5) User=0.00s Sys=0.00s Real=0.00s
[2025-09-17T05:57:57.277+0000][gc,marking  ] GC(5) Concurrent Cleanup for Next Mark
[2025-09-17T05:57:57.291+0000][gc,marking  ] GC(5) Concurrent Cleanup for Next Mark 13.676ms
[2025-09-17T05:57:57.291+0000][gc          ] GC(5) Concurrent Mark Cycle 30.560ms
[2025-09-17T06:03:04.770+0000][gc,start    ] GC(6) Pause Young (Normal) (G1 Evacuation Pause)
[2025-09-17T06:03:04.770+0000][gc,task     ] GC(6) Using 4 workers of 4 for evacuation
[2025-09-17T06:03:04.776+0000][gc,phases   ] GC(6)   Pre Evacuate Collection Set: 0.2ms
[2025-09-17T06:03:04.776+0000][gc,phases   ] GC(6)   Merge Heap Roots: 0.1ms
[2025-09-17T06:03:04.776+0000][gc,phases   ] GC(6)   Evacuate Collection Set: 4.8ms
[2025-09-17T06:03:04.776+0000][gc,phases   ] GC(6)   Post Evacuate Collection Set: 0.7ms
[2025-09-17T06:03:04.776+0000][gc,phases   ] GC(6)   Other: 0.1ms
[2025-09-17T06:03:04.776+0000][gc,heap     ] GC(6) Eden regions: 49->0(45)
[2025-09-17T06:03:04.776+0000][gc,heap     ] GC(6) Survivor regions: 2->6(7)
[2025-09-17T06:03:04.776+0000][gc,heap     ] GC(6) Old regions: 13->13
[2025-09-17T06:03:04.776+0000][gc,heap     ] GC(6) Archive regions: 2->2
[2025-09-17T06:03:04.776+0000][gc,heap     ] GC(6) Humongous regions: 129->129
[2025-09-17T06:03:04.776+0000][gc,metaspace] GC(6) Metaspace: 40754K(41344K)->40754K(41344K) NonClass: 35940K(36288K)->35940K(36288K) Class: 4814K(5056K)->4814K(5056K)
[2025-09-17T06:03:04.776+0000][gc          ] GC(6) Pause Young (Normal) (G1 Evacuation Pause) 193M->148M(1024M) 5.957ms
[2025-09-17T06:03:04.776+0000][gc,cpu      ] GC(6) User=0.02s Sys=0.00s Real=0.00s
[2025-09-17T06:10:34.578+0000][gc,start    ] GC(7) Pause Young (Normal) (G1 Evacuation Pause)
[2025-09-17T06:10:34.578+0000][gc,task     ] GC(7) Using 4 workers of 4 for evacuation
[2025-09-17T06:10:34.584+0000][gc,phases   ] GC(7)   Pre Evacuate Collection Set: 0.3ms
[2025-09-17T06:10:34.584+0000][gc,phases   ] GC(7)   Merge Heap Roots: 0.1ms
[2025-09-17T06:10:34.584+0000][gc,phases   ] GC(7)   Evacuate Collection Set: 4.9ms
[2025-09-17T06:10:34.584+0000][gc,phases   ] GC(7)   Post Evacuate Collection Set: 0.5ms
[2025-09-17T06:10:34.584+0000][gc,phases   ] GC(7)   Other: 0.1ms
[2025-09-17T06:10:34.584+0000][gc,heap     ] GC(7) Eden regions: 45->0(48)
[2025-09-17T06:10:34.584+0000][gc,heap     ] GC(7) Survivor regions: 6->3(7)
[2025-09-17T06:10:34.584+0000][gc,heap     ] GC(7) Old regions: 13->17
[2025-09-17T06:10:34.584+0000][gc,heap     ] GC(7) Archive regions: 2->2
[2025-09-17T06:10:34.584+0000][gc,heap     ] GC(7) Humongous regions: 129->129
[2025-09-17T06:10:34.584+0000][gc,metaspace] GC(7) Metaspace: 41069K(41600K)->41069K(41600K) NonClass: 36221K(36544K)->36221K(36544K) Class: 4848K(5056K)->4848K(5056K)
[2025-09-17T06:10:34.584+0000][gc          ] GC(7) Pause Young (Normal) (G1 Evacuation Pause) 193M->148M(1024M) 5.950ms
[2025-09-17T06:10:34.584+0000][gc,cpu      ] GC(7) User=0.02s Sys=0.01s Real=0.00s
[2025-09-17T06:21:14.622+0000][gc,start    ] GC(8) Pause Young (Normal) (G1 Evacuation Pause)
[2025-09-17T06:21:14.623+0000][gc,task     ] GC(8) Using 4 workers of 4 for evacuation
[2025-09-17T06:21:14.628+0000][gc,phases   ] GC(8)   Pre Evacuate Collection Set: 0.4ms
[2025-09-17T06:21:14.628+0000][gc,phases   ] GC(8)   Merge Heap Roots: 0.2ms
[2025-09-17T06:21:14.628+0000][gc,phases   ] GC(8)   Evacuate Collection Set: 4.7ms
[2025-09-17T06:21:14.628+0000][gc,phases   ] GC(8)   Post Evacuate Collection Set: 0.4ms
[2025-09-17T06:21:14.628+0000][gc,phases   ] GC(8)   Other: 0.2ms
[2025-09-17T06:21:14.628+0000][gc,heap     ] GC(8) Eden regions: 48->0(46)
[2025-09-17T06:21:14.628+0000][gc,heap     ] GC(8) Survivor regions: 3->5(7)
[2025-09-17T06:21:14.628+0000][gc,heap     ] GC(8) Old regions: 17->17
[2025-09-17T06:21:14.628+0000][gc,heap     ] GC(8) Archive regions: 2->2
[2025-09-17T06:21:14.628+0000][gc,heap     ] GC(8) Humongous regions: 129->129
[2025-09-17T06:21:14.628+0000][gc,metaspace] GC(8) Metaspace: 41278K(41856K)->41278K(41856K) NonClass: 36430K(36800K)->36430K(36800K) Class: 4848K(5056K)->4848K(5056K)
[2025-09-17T06:21:14.628+0000][gc          ] GC(8) Pause Young (Normal) (G1 Evacuation Pause) 196M->150M(1024M) 5.901ms
[2025-09-17T06:21:14.628+0000][gc,cpu      ] GC(8) User=0.02s Sys=0.00s Real=0.01s
[2025-09-17T06:26:49.623+0000][gc,start    ] GC(9) Pause Young (Normal) (G1 Evacuation Pause)
[2025-09-17T06:26:49.623+0000][gc,task     ] GC(9) Using 4 workers of 4 for evacuation
[2025-09-17T06:26:49.630+0000][gc,phases   ] GC(9)   Pre Evacuate Collection Set: 0.2ms
[2025-09-17T06:26:49.630+0000][gc,phases   ] GC(9)   Merge Heap Roots: 0.1ms
[2025-09-17T06:26:49.630+0000][gc,phases   ] GC(9)   Evacuate Collection Set: 6.3ms
[2025-09-17T06:26:49.630+0000][gc,phases   ] GC(9)   Post Evacuate Collection Set: 0.5ms
[2025-09-17T06:26:49.630+0000][gc,phases   ] GC(9)   Other: 0.2ms
[2025-09-17T06:26:49.630+0000][gc,heap     ] GC(9) Eden regions: 46->0(44)
[2025-09-17T06:26:49.630+0000][gc,heap     ] GC(9) Survivor regions: 5->7(7)
[2025-09-17T06:26:49.630+0000][gc,heap     ] GC(9) Old regions: 17->18
[2025-09-17T06:26:49.630+0000][gc,heap     ] GC(9) Archive regions: 2->2
[2025-09-17T06:26:49.630+0000][gc,heap     ] GC(9) Humongous regions: 129->129
[2025-09-17T06:26:49.630+0000][gc,metaspace] GC(9) Metaspace: 41565K(42048K)->41565K(42048K) NonClass: 36716K(36992K)->36716K(36992K) Class: 4848K(5056K)->4848K(5056K)
[2025-09-17T06:26:49.630+0000][gc          ] GC(9) Pause Young (Normal) (G1 Evacuation Pause) 196M->153M(1024M) 7.440ms
[2025-09-17T06:26:49.630+0000][gc,cpu      ] GC(9) User=0.02s Sys=0.00s Real=0.01s
[2025-09-17T06:32:06.470+0000][gc,start    ] GC(10) Pause Young (Normal) (G1 Evacuation Pause)
[2025-09-17T06:32:06.470+0000][gc,task     ] GC(10) Using 4 workers of 4 for evacuation
[2025-09-17T06:32:06.478+0000][gc,phases   ] GC(10)   Pre Evacuate Collection Set: 0.2ms
[2025-09-17T06:32:06.478+0000][gc,phases   ] GC(10)   Merge Heap Roots: 0.1ms
[2025-09-17T06:32:06.478+0000][gc,phases   ] GC(10)   Evacuate Collection Set: 7.1ms
[2025-09-17T06:32:06.478+0000][gc,phases   ] GC(10)   Post Evacuate Collection Set: 0.5ms
[2025-09-17T06:32:06.478+0000][gc,phases   ] GC(10)   Other: 0.1ms
[2025-09-17T06:32:06.478+0000][gc,heap     ] GC(10) Eden regions: 44->0(44)
[2025-09-17T06:32:06.478+0000][gc,heap     ] GC(10) Survivor regions: 7->7(7)
[2025-09-17T06:32:06.478+0000][gc,heap     ] GC(10) Old regions: 18->21
[2025-09-17T06:32:06.478+0000][gc,heap     ] GC(10) Archive regions: 2->2
[2025-09-17T06:32:06.478+0000][gc,heap     ] GC(10) Humongous regions: 129->129
[2025-09-17T06:32:06.478+0000][gc,metaspace] GC(10) Metaspace: 41730K(42240K)->41730K(42240K) NonClass: 36881K(37184K)->36881K(37184K) Class: 4848K(5056K)->4848K(5056K)
[2025-09-17T06:32:06.478+0000][gc          ] GC(10) Pause Young (Normal) (G1 Evacuation Pause) 197M->156M(1024M) 8.061ms
[2025-09-17T06:32:06.478+0000][gc,cpu      ] GC(10) User=0.03s Sys=0.01s Real=0.01s
[2025-09-17T06:39:00.327+0000][gc,start    ] GC(11) Pause Young (Normal) (G1 Evacuation Pause)
[2025-09-17T06:39:00.327+0000][gc,task     ] GC(11) Using 4 workers of 4 for evacuation
[2025-09-17T06:39:00.335+0000][gc,phases   ] GC(11)   Pre Evacuate Collection Set: 0.2ms
[2025-09-17T06:39:00.335+0000][gc,phases   ] GC(11)   Merge Heap Roots: 0.1ms
[2025-09-17T06:39:00.335+0000][gc,phases   ] GC(11)   Evacuate Collection Set: 7.3ms
[2025-09-17T06:39:00.335+0000][gc,phases   ] GC(11)   Post Evacuate Collection Set: 0.4ms
[2025-09-17T06:39:00.335+0000][gc,phases   ] GC(11)   Other: 0.2ms
[2025-09-17T06:39:00.335+0000][gc,heap     ] GC(11) Eden regions: 44->0(45)
[2025-09-17T06:39:00.335+0000][gc,heap     ] GC(11) Survivor regions: 7->6(7)
[2025-09-17T06:39:00.335+0000][gc,heap     ] GC(11) Old regions: 21->24
[2025-09-17T06:39:00.335+0000][gc,heap     ] GC(11) Archive regions: 2->2
[2025-09-17T06:39:00.335+0000][gc,heap     ] GC(11) Humongous regions: 129->129
[2025-09-17T06:39:00.335+0000][gc,metaspace] GC(11) Metaspace: 41843K(42368K)->41843K(42368K) NonClass: 36994K(37312K)->36994K(37312K) Class: 4849K(5056K)->4849K(5056K)
[2025-09-17T06:39:00.335+0000][gc          ] GC(11) Pause Young (Normal) (G1 Evacuation Pause) 200M->159M(1024M) 8.177ms
[2025-09-17T06:39:00.335+0000][gc,cpu      ] GC(11) User=0.03s Sys=0.00s Real=0.01s
[2025-09-17T06:43:13.150+0000][gc,start    ] GC(12) Pause Young (Normal) (G1 Evacuation Pause)
[2025-09-17T06:43:13.150+0000][gc,task     ] GC(12) Using 4 workers of 4 for evacuation
[2025-09-17T06:43:13.158+0000][gc,phases   ] GC(12)   Pre Evacuate Collection Set: 0.2ms
[2025-09-17T06:43:13.158+0000][gc,phases   ] GC(12)   Merge Heap Roots: 0.1ms
[2025-09-17T06:43:13.158+0000][gc,phases   ] GC(12)   Evacuate Collection Set: 7.2ms
[2025-09-17T06:43:13.158+0000][gc,phases   ] GC(12)   Post Evacuate Collection Set: 0.4ms
[2025-09-17T06:43:13.158+0000][gc,phases   ] GC(12)   Other: 0.1ms
[2025-09-17T06:43:13.158+0000][gc,heap     ] GC(12) Eden regions: 45->0(44)
[2025-09-17T06:43:13.158+0000][gc,heap     ] GC(12) Survivor regions: 6->7(7)
[2025-09-17T06:43:13.158+0000][gc,heap     ] GC(12) Old regions: 24->27
[2025-09-17T06:43:13.158+0000][gc,heap     ] GC(12) Archive regions: 2->2
[2025-09-17T06:43:13.158+0000][gc,heap     ] GC(12) Humongous regions: 129->129
[2025-09-17T06:43:13.158+0000][gc,metaspace] GC(12) Metaspace: 41895K(42432K)->41895K(42432K) NonClass: 37046K(37376K)->37046K(37376K) Class: 4849K(5056K)->4849K(5056K)
[2025-09-17T06:43:13.158+0000][gc          ] GC(12) Pause Young (Normal) (G1 Evacuation Pause) 204M->162M(1024M) 8.023ms
[2025-09-17T06:43:13.158+0000][gc,cpu      ] GC(12) User=0.03s Sys=0.00s Real=0.01s
[2025-09-17T06:47:16.475+0000][gc,start    ] GC(13) Pause Young (Normal) (G1 Evacuation Pause)
[2025-09-17T06:47:16.475+0000][gc,task     ] GC(13) Using 4 workers of 4 for evacuation
[2025-09-17T06:47:16.484+0000][gc,phases   ] GC(13)   Pre Evacuate Collection Set: 0.2ms
[2025-09-17T06:47:16.484+0000][gc,phases   ] GC(13)   Merge Heap Roots: 0.1ms
[2025-09-17T06:47:16.484+0000][gc,phases   ] GC(13)   Evacuate Collection Set: 7.8ms
[2025-09-17T06:47:16.484+0000][gc,phases   ] GC(13)   Post Evacuate Collection Set: 0.4ms
[2025-09-17T06:47:16.484+0000][gc,phases   ] GC(13)   Other: 0.2ms
[2025-09-17T06:47:16.484+0000][gc,heap     ] GC(13) Eden regions: 44->0(46)
[2025-09-17T06:47:16.484+0000][gc,heap     ] GC(13) Survivor regions: 7->7(7)
[2025-09-17T06:47:16.484+0000][gc,heap     ] GC(13) Old regions: 27->30
[2025-09-17T06:47:16.484+0000][gc,heap     ] GC(13) Archive regions: 2->2
[2025-09-17T06:47:16.484+0000][gc,heap     ] GC(13) Humongous regions: 129->129
[2025-09-17T06:47:16.484+0000][gc,metaspace] GC(13) Metaspace: 41917K(42432K)->41917K(42432K) NonClass: 37068K(37376K)->37068K(37376K) Class: 4849K(5056K)->4849K(5056K)
[2025-09-17T06:47:16.484+0000][gc          ] GC(13) Pause Young (Normal) (G1 Evacuation Pause) 206M->165M(1024M) 8.695ms
[2025-09-17T06:47:16.484+0000][gc,cpu      ] GC(13) User=0.02s Sys=0.01s Real=0.01s
[2025-09-17T06:51:24.622+0000][gc,start    ] GC(14) Pause Young (Normal) (G1 Evacuation Pause)
[2025-09-17T06:51:24.622+0000][gc,task     ] GC(14) Using 4 workers of 4 for evacuation
[2025-09-17T06:51:24.631+0000][gc,phases   ] GC(14)   Pre Evacuate Collection Set: 0.2ms
[2025-09-17T06:51:24.631+0000][gc,phases   ] GC(14)   Merge Heap Roots: 0.1ms
[2025-09-17T06:51:24.631+0000][gc,phases   ] GC(14)   Evacuate Collection Set: 7.8ms
[2025-09-17T06:51:24.631+0000][gc,phases   ] GC(14)   Post Evacuate Collection Set: 0.4ms
[2025-09-17T06:51:24.631+0000][gc,phases   ] GC(14)   Other: 0.2ms
[2025-09-17T06:51:24.631+0000][gc,heap     ] GC(14) Eden regions: 44->0(64)
[2025-09-17T06:51:24.631+0000][gc,heap     ] GC(14) Survivor regions: 7->7(7)
[2025-09-17T06:51:24.631+0000][gc,heap     ] GC(14) Old regions: 30->33
[2025-09-17T06:51:24.631+0000][gc,heap     ] GC(14) Archive regions: 2->2
[2025-09-17T06:51:24.631+0000][gc,heap     ] GC(14) Humongous regions: 129->129
[2025-09-17T06:51:24.631+0000][gc,metaspace] GC(14) Metaspace: 41949K(42496K)->41949K(42496K) NonClass: 37099K(37440K)->37099K(37440K) Class: 4850K(5056K)->4850K(5056K)
[2025-09-17T06:51:24.631+0000][gc          ] GC(14) Pause Young (Normal) (G1 Evacuation Pause) 209M->168M(1024M) 8.697ms
[2025-09-17T06:51:24.631+0000][gc,cpu      ] GC(14) User=0.02s Sys=0.00s Real=0.01s
[2025-09-17T06:54:34.642+0000][gc,heap,exit] Heap
[2025-09-17T06:54:34.643+0000][gc,heap,exit]  garbage-first heap   total 1048576K, used 216505K [0x00000000c0000000, 0x0000000100000000)
[2025-09-17T06:54:34.643+0000][gc,heap,exit]   region size 1024K, 50 young (51200K), 7 survivors (7168K)
[2025-09-17T06:54:34.643+0000][gc,heap,exit]  Metaspace       used 42558K, committed 43072K, reserved 1114112K
[2025-09-17T06:54:34.643+0000][gc,heap,exit]   class space    used 4996K, committed 5248K, reserved 1048576K
