[2025-09-12T07:45:16.946+0000][gc] Using G1
[2025-09-12T07:45:16.965+0000][gc,init] Version: 17.0.16+8-Ubuntu-0ubuntu124.04.1 (release)
[2025-09-12T07:45:16.965+0000][gc,init] CPUs: 2 total, 2 available
[2025-09-12T07:45:16.965+0000][gc,init] Memory: 3867M
[2025-09-12T07:45:16.965+0000][gc,init] Large Page Support: Disabled
[2025-09-12T07:45:16.965+0000][gc,init] NUMA Support: Disabled
[2025-09-12T07:45:16.965+0000][gc,init] Compressed Oops: Enabled (32-bit)
[2025-09-12T07:45:16.965+0000][gc,init] Heap Region Size: 1M
[2025-09-12T07:45:16.965+0000][gc,init] Heap Min Capacity: 1G
[2025-09-12T07:45:16.965+0000][gc,init] Heap Initial Capacity: 1G
[2025-09-12T07:45:16.965+0000][gc,init] Heap Max Capacity: 1G
[2025-09-12T07:45:16.965+0000][gc,init] Pre-touch: Disabled
[2025-09-12T07:45:16.965+0000][gc,init] Parallel Workers: 2
[2025-09-12T07:45:16.965+0000][gc,init] Concurrent Workers: 1
[2025-09-12T07:45:16.965+0000][gc,init] Concurrent Refinement Workers: 2
[2025-09-12T07:45:16.965+0000][gc,init] Periodic GC: Disabled
[2025-09-12T07:45:16.987+0000][gc,metaspace] CDS archive(s) mapped at: [0x00007f073b000000-0x00007f073bbca000-0x00007f073bbca000), size 12361728, SharedBaseAddress: 0x00007f073b000000, ArchiveRelocationMode: 1.
[2025-09-12T07:45:16.987+0000][gc,metaspace] Compressed class space mapped at: 0x00007f073c000000-0x00007f077c000000, reserved size: 1073741824
[2025-09-12T07:45:16.987+0000][gc,metaspace] Narrow klass base: 0x00007f073b000000, Narrow klass shift: 0, Narrow klass range: 0x100000000
[2025-09-12T07:52:38.847+0000][gc,start    ] GC(0) Pause Young (Normal) (G1 Evacuation Pause)
[2025-09-12T07:52:38.849+0000][gc,task     ] GC(0) Using 2 workers of 2 for evacuation
[2025-09-12T07:52:38.921+0000][gc,mmu      ] GC(0) MMU target violated: 21.0ms (20.0ms/21.0ms)
[2025-09-12T07:52:38.921+0000][gc,phases   ] GC(0)   Pre Evacuate Collection Set: 0.6ms
[2025-09-12T07:52:38.921+0000][gc,phases   ] GC(0)   Merge Heap Roots: 0.1ms
[2025-09-12T07:52:38.921+0000][gc,phases   ] GC(0)   Evacuate Collection Set: 65.4ms
[2025-09-12T07:52:38.921+0000][gc,phases   ] GC(0)   Post Evacuate Collection Set: 5.6ms
[2025-09-12T07:52:38.921+0000][gc,phases   ] GC(0)   Other: 2.1ms
[2025-09-12T07:52:38.921+0000][gc,heap     ] GC(0) Eden regions: 51->0(44)
[2025-09-12T07:52:38.921+0000][gc,heap     ] GC(0) Survivor regions: 0->7(7)
[2025-09-12T07:52:38.921+0000][gc,heap     ] GC(0) Old regions: 0->1
[2025-09-12T07:52:38.921+0000][gc,heap     ] GC(0) Archive regions: 2->2
[2025-09-12T07:52:38.921+0000][gc,heap     ] GC(0) Humongous regions: 0->0
[2025-09-12T07:52:38.921+0000][gc,metaspace] GC(0) Metaspace: 18474K(18752K)->18474K(18752K) NonClass: 16286K(16448K)->16286K(16448K) Class: 2188K(2304K)->2188K(2304K)
[2025-09-12T07:52:38.921+0000][gc          ] GC(0) Pause Young (Normal) (G1 Evacuation Pause) 51M->7M(1024M) 73.889ms
[2025-09-12T07:52:38.921+0000][gc,cpu      ] GC(0) User=0.01s Sys=0.00s Real=0.07s
[2025-09-12T07:52:39.597+0000][gc,heap,exit] Heap
[2025-09-12T07:52:39.597+0000][gc,heap,exit]  garbage-first heap   total 1048576K, used 14864K [0x00000000c0000000, 0x0000000100000000)
[2025-09-12T07:52:39.597+0000][gc,heap,exit]   region size 1024K, 14 young (14336K), 7 survivors (7168K)
[2025-09-12T07:52:39.597+0000][gc,heap,exit]  Metaspace       used 19969K, committed 20160K, reserved 1114112K
[2025-09-12T07:52:39.597+0000][gc,heap,exit]   class space    used 2387K, committed 2496K, reserved 1048576K
