[2025-09-11T10:19:08.067+0000][gc] Using G1
[2025-09-11T10:19:08.072+0000][gc,init] Version: 17.0.16+8-Ubuntu-0ubuntu124.04.1 (release)
[2025-09-11T10:19:08.072+0000][gc,init] CPUs: 2 total, 2 available
[2025-09-11T10:19:08.072+0000][gc,init] Memory: 3867M
[2025-09-11T10:19:08.072+0000][gc,init] Large Page Support: Disabled
[2025-09-11T10:19:08.072+0000][gc,init] NUMA Support: Disabled
[2025-09-11T10:19:08.072+0000][gc,init] Compressed Oops: Enabled (32-bit)
[2025-09-11T10:19:08.072+0000][gc,init] Heap Region Size: 1M
[2025-09-11T10:19:08.072+0000][gc,init] Heap Min Capacity: 512M
[2025-09-11T10:19:08.072+0000][gc,init] Heap Initial Capacity: 512M
[2025-09-11T10:19:08.072+0000][gc,init] Heap Max Capacity: 512M
[2025-09-11T10:19:08.072+0000][gc,init] Pre-touch: Disabled
[2025-09-11T10:19:08.072+0000][gc,init] Parallel Workers: 2
[2025-09-11T10:19:08.072+0000][gc,init] Concurrent Workers: 1
[2025-09-11T10:19:08.072+0000][gc,init] Concurrent Refinement Workers: 2
[2025-09-11T10:19:08.072+0000][gc,init] Periodic GC: Disabled
[2025-09-11T10:19:08.081+0000][gc,metaspace] CDS archive(s) mapped at: [0x00007f7c77000000-0x00007f7c77bca000-0x00007f7c77bca000), size 12361728, SharedBaseAddress: 0x00007f7c77000000, ArchiveRelocationMode: 1.
[2025-09-11T10:19:08.081+0000][gc,metaspace] Compressed class space mapped at: 0x00007f7c78000000-0x00007f7cb8000000, reserved size: 1073741824
[2025-09-11T10:19:08.081+0000][gc,metaspace] Narrow klass base: 0x00007f7c77000000, Narrow klass shift: 0, Narrow klass range: 0x100000000
[2025-09-11T10:27:23.120+0000][gc,start    ] GC(0) Pause Young (Normal) (G1 Evacuation Pause)
[2025-09-11T10:27:23.120+0000][gc,task     ] GC(0) Using 2 workers of 2 for evacuation
[2025-09-11T10:27:23.128+0000][gc,phases   ] GC(0)   Pre Evacuate Collection Set: 0.2ms
[2025-09-11T10:27:23.128+0000][gc,phases   ] GC(0)   Merge Heap Roots: 0.0ms
[2025-09-11T10:27:23.128+0000][gc,phases   ] GC(0)   Evacuate Collection Set: 6.9ms
[2025-09-11T10:27:23.128+0000][gc,phases   ] GC(0)   Post Evacuate Collection Set: 0.6ms
[2025-09-11T10:27:23.128+0000][gc,phases   ] GC(0)   Other: 0.3ms
[2025-09-11T10:27:23.128+0000][gc,heap     ] GC(0) Eden regions: 25->0(21)
[2025-09-11T10:27:23.128+0000][gc,heap     ] GC(0) Survivor regions: 0->4(4)
[2025-09-11T10:27:23.128+0000][gc,heap     ] GC(0) Old regions: 0->4
[2025-09-11T10:27:23.128+0000][gc,heap     ] GC(0) Archive regions: 2->2
[2025-09-11T10:27:23.128+0000][gc,heap     ] GC(0) Humongous regions: 0->0
[2025-09-11T10:27:23.128+0000][gc,metaspace] GC(0) Metaspace: 7984K(8128K)->7984K(8128K) NonClass: 7087K(7168K)->7087K(7168K) Class: 897K(960K)->897K(960K)
[2025-09-11T10:27:23.128+0000][gc          ] GC(0) Pause Young (Normal) (G1 Evacuation Pause) 25M->8M(512M) 8.108ms
[2025-09-11T10:27:23.128+0000][gc,cpu      ] GC(0) User=0.02s Sys=0.00s Real=0.01s
