[2025-09-17T05:56:54.616+0000][gc] Using G1
[2025-09-17T05:56:54.621+0000][gc,init] Version: 17.0.16+8-Ubuntu-0ubuntu124.04.1 (release)
[2025-09-17T05:56:54.622+0000][gc,init] CPUs: 4 total, 4 available
[2025-09-17T05:56:54.622+0000][gc,init] Memory: 15944M
[2025-09-17T05:56:54.622+0000][gc,init] Large Page Support: Disabled
[2025-09-17T05:56:54.622+0000][gc,init] NUMA Support: Disabled
[2025-09-17T05:56:54.622+0000][gc,init] Compressed Oops: Enabled (32-bit)
[2025-09-17T05:56:54.622+0000][gc,init] Heap Region Size: 1M
[2025-09-17T05:56:54.622+0000][gc,init] Heap Min Capacity: 512M
[2025-09-17T05:56:54.622+0000][gc,init] Heap Initial Capacity: 512M
[2025-09-17T05:56:54.622+0000][gc,init] Heap Max Capacity: 512M
[2025-09-17T05:56:54.622+0000][gc,init] Pre-touch: Disabled
[2025-09-17T05:56:54.622+0000][gc,init] Parallel Workers: 4
[2025-09-17T05:56:54.622+0000][gc,init] Concurrent Workers: 1
[2025-09-17T05:56:54.622+0000][gc,init] Concurrent Refinement Workers: 4
[2025-09-17T05:56:54.622+0000][gc,init] Periodic GC: Disabled
[2025-09-17T05:56:54.630+0000][gc,metaspace] CDS archive(s) mapped at: [0x000078c543000000-0x000078c543bca000-0x000078c543bca000), size 12361728, SharedBaseAddress: 0x000078c543000000, ArchiveRelocationMode: 1.
[2025-09-17T05:56:54.630+0000][gc,metaspace] Compressed class space mapped at: 0x000078c544000000-0x000078c584000000, reserved size: 1073741824
[2025-09-17T05:56:54.630+0000][gc,metaspace] Narrow klass base: 0x000078c543000000, Narrow klass shift: 0, Narrow klass range: 0x100000000
[2025-09-17T05:56:55.019+0000][gc,heap,exit] Heap
[2025-09-17T05:56:55.019+0000][gc,heap,exit]  garbage-first heap   total 524288K, used 19380K [0x00000000e0000000, 0x0000000100000000)
[2025-09-17T05:56:55.019+0000][gc,heap,exit]   region size 1024K, 18 young (18432K), 0 survivors (0K)
[2025-09-17T05:56:55.019+0000][gc,heap,exit]  Metaspace       used 6873K, committed 7104K, reserved 1114112K
[2025-09-17T05:56:55.019+0000][gc,heap,exit]   class space    used 767K, committed 896K, reserved 1048576K
