[2025-09-17T05:51:27.859+0000][gc] Using G1
[2025-09-17T05:51:27.865+0000][gc,init] Version: 17.0.16+8-Ubuntu-0ubuntu124.04.1 (release)
[2025-09-17T05:51:27.865+0000][gc,init] CPUs: 4 total, 4 available
[2025-09-17T05:51:27.865+0000][gc,init] Memory: 15944M
[2025-09-17T05:51:27.865+0000][gc,init] Large Page Support: Disabled
[2025-09-17T05:51:27.865+0000][gc,init] NUMA Support: Disabled
[2025-09-17T05:51:27.865+0000][gc,init] Compressed Oops: Enabled (32-bit)
[2025-09-17T05:51:27.865+0000][gc,init] Heap Region Size: 1M
[2025-09-17T05:51:27.865+0000][gc,init] Heap Min Capacity: 512M
[2025-09-17T05:51:27.865+0000][gc,init] Heap Initial Capacity: 512M
[2025-09-17T05:51:27.865+0000][gc,init] Heap Max Capacity: 512M
[2025-09-17T05:51:27.865+0000][gc,init] Pre-touch: Disabled
[2025-09-17T05:51:27.865+0000][gc,init] Parallel Workers: 4
[2025-09-17T05:51:27.865+0000][gc,init] Concurrent Workers: 1
[2025-09-17T05:51:27.865+0000][gc,init] Concurrent Refinement Workers: 4
[2025-09-17T05:51:27.865+0000][gc,init] Periodic GC: Disabled
[2025-09-17T05:51:27.873+0000][gc,metaspace] CDS archive(s) mapped at: [0x0000790f13000000-0x0000790f13bca000-0x0000790f13bca000), size 12361728, SharedBaseAddress: 0x0000790f13000000, ArchiveRelocationMode: 1.
[2025-09-17T05:51:27.873+0000][gc,metaspace] Compressed class space mapped at: 0x0000790f14000000-0x0000790f54000000, reserved size: 1073741824
[2025-09-17T05:51:27.877+0000][gc,metaspace] Narrow klass base: 0x0000790f13000000, Narrow klass shift: 0, Narrow klass range: 0x100000000
[2025-09-17T05:52:08.826+0000][gc,start    ] GC(0) Pause Young (Normal) (G1 Evacuation Pause)
[2025-09-17T05:52:08.826+0000][gc,task     ] GC(0) Using 4 workers of 4 for evacuation
[2025-09-17T05:52:08.832+0000][gc,phases   ] GC(0)   Pre Evacuate Collection Set: 0.1ms
[2025-09-17T05:52:08.832+0000][gc,phases   ] GC(0)   Merge Heap Roots: 0.1ms
[2025-09-17T05:52:08.832+0000][gc,phases   ] GC(0)   Evacuate Collection Set: 5.2ms
[2025-09-17T05:52:08.832+0000][gc,phases   ] GC(0)   Post Evacuate Collection Set: 0.4ms
[2025-09-17T05:52:08.832+0000][gc,phases   ] GC(0)   Other: 0.4ms
[2025-09-17T05:52:08.832+0000][gc,heap     ] GC(0) Eden regions: 25->0(21)
[2025-09-17T05:52:08.832+0000][gc,heap     ] GC(0) Survivor regions: 0->4(4)
[2025-09-17T05:52:08.832+0000][gc,heap     ] GC(0) Old regions: 0->4
[2025-09-17T05:52:08.832+0000][gc,heap     ] GC(0) Archive regions: 2->2
[2025-09-17T05:52:08.832+0000][gc,heap     ] GC(0) Humongous regions: 0->0
[2025-09-17T05:52:08.832+0000][gc,metaspace] GC(0) Metaspace: 7984K(8128K)->7984K(8128K) NonClass: 7087K(7168K)->7087K(7168K) Class: 896K(960K)->896K(960K)
[2025-09-17T05:52:08.832+0000][gc          ] GC(0) Pause Young (Normal) (G1 Evacuation Pause) 25M->8M(512M) 6.240ms
[2025-09-17T05:52:08.832+0000][gc,cpu      ] GC(0) User=0.01s Sys=0.00s Real=0.01s
[2025-09-17T05:56:02.975+0000][gc,heap,exit] Heap
[2025-09-17T05:56:02.975+0000][gc,heap,exit]  garbage-first heap   total 524288K, used 16433K [0x00000000e0000000, 0x0000000100000000)
[2025-09-17T05:56:02.976+0000][gc,heap,exit]   region size 1024K, 12 young (12288K), 4 survivors (4096K)
[2025-09-17T05:56:02.976+0000][gc,heap,exit]  Metaspace       used 8618K, committed 8832K, reserved 1114112K
[2025-09-17T05:56:02.976+0000][gc,heap,exit]   class space    used 920K, committed 1024K, reserved 1048576K
