[2025-09-12T07:35:34.949+0000][gc] Using G1
[2025-09-12T07:35:34.954+0000][gc,init] Version: 17.0.16+8-Ubuntu-0ubuntu124.04.1 (release)
[2025-09-12T07:35:34.954+0000][gc,init] CPUs: 2 total, 2 available
[2025-09-12T07:35:34.954+0000][gc,init] Memory: 3867M
[2025-09-12T07:35:34.954+0000][gc,init] Large Page Support: Disabled
[2025-09-12T07:35:34.954+0000][gc,init] NUMA Support: Disabled
[2025-09-12T07:35:34.954+0000][gc,init] Compressed Oops: Enabled (32-bit)
[2025-09-12T07:35:34.954+0000][gc,init] Heap Region Size: 1M
[2025-09-12T07:35:34.954+0000][gc,init] Heap Min Capacity: 512M
[2025-09-12T07:35:34.954+0000][gc,init] Heap Initial Capacity: 512M
[2025-09-12T07:35:34.954+0000][gc,init] Heap Max Capacity: 512M
[2025-09-12T07:35:34.954+0000][gc,init] Pre-touch: Disabled
[2025-09-12T07:35:34.954+0000][gc,init] Parallel Workers: 2
[2025-09-12T07:35:34.954+0000][gc,init] Concurrent Workers: 1
[2025-09-12T07:35:34.954+0000][gc,init] Concurrent Refinement Workers: 2
[2025-09-12T07:35:34.954+0000][gc,init] Periodic GC: Disabled
[2025-09-12T07:35:34.964+0000][gc,metaspace] CDS archive(s) mapped at: [0x0000700e93000000-0x0000700e93bca000-0x0000700e93bca000), size 12361728, SharedBaseAddress: 0x0000700e93000000, ArchiveRelocationMode: 1.
[2025-09-12T07:35:34.964+0000][gc,metaspace] Compressed class space mapped at: 0x0000700e94000000-0x0000700ed4000000, reserved size: 1073741824
[2025-09-12T07:35:34.988+0000][gc,metaspace] Narrow klass base: 0x0000700e93000000, Narrow klass shift: 0, Narrow klass range: 0x100000000
[2025-09-12T07:36:51.425+0000][gc,start    ] GC(0) Pause Young (Normal) (G1 Evacuation Pause)
[2025-09-12T07:36:51.425+0000][gc,task     ] GC(0) Using 2 workers of 2 for evacuation
[2025-09-12T07:36:51.432+0000][gc,phases   ] GC(0)   Pre Evacuate Collection Set: 0.1ms
[2025-09-12T07:36:51.432+0000][gc,phases   ] GC(0)   Merge Heap Roots: 0.0ms
[2025-09-12T07:36:51.432+0000][gc,phases   ] GC(0)   Evacuate Collection Set: 6.5ms
[2025-09-12T07:36:51.432+0000][gc,phases   ] GC(0)   Post Evacuate Collection Set: 0.4ms
[2025-09-12T07:36:51.432+0000][gc,phases   ] GC(0)   Other: 0.2ms
[2025-09-12T07:36:51.432+0000][gc,heap     ] GC(0) Eden regions: 25->0(21)
[2025-09-12T07:36:51.432+0000][gc,heap     ] GC(0) Survivor regions: 0->4(4)
[2025-09-12T07:36:51.432+0000][gc,heap     ] GC(0) Old regions: 0->4
[2025-09-12T07:36:51.432+0000][gc,heap     ] GC(0) Archive regions: 2->2
[2025-09-12T07:36:51.432+0000][gc,heap     ] GC(0) Humongous regions: 0->0
[2025-09-12T07:36:51.432+0000][gc,metaspace] GC(0) Metaspace: 7961K(8128K)->7961K(8128K) NonClass: 7064K(7168K)->7064K(7168K) Class: 896K(960K)->896K(960K)
[2025-09-12T07:36:51.432+0000][gc          ] GC(0) Pause Young (Normal) (G1 Evacuation Pause) 25M->8M(512M) 7.444ms
[2025-09-12T07:36:51.432+0000][gc,cpu      ] GC(0) User=0.02s Sys=0.00s Real=0.01s
[2025-09-12T08:11:27.811+0000][gc,heap,exit] Heap
[2025-09-12T08:11:27.812+0000][gc,heap,exit]  garbage-first heap   total 524288K, used 16521K [0x00000000e0000000, 0x0000000100000000)
[2025-09-12T08:11:27.812+0000][gc,heap,exit]   region size 1024K, 13 young (13312K), 4 survivors (4096K)
[2025-09-12T08:11:27.812+0000][gc,heap,exit]  Metaspace       used 8696K, committed 8896K, reserved 1114112K
[2025-09-12T08:11:27.812+0000][gc,heap,exit]   class space    used 920K, committed 1024K, reserved 1048576K
